Archive member included to satisfy reference by file (symbol)

C:/Users/zjh/scoop/apps/gcc-arm-none-eabi/current/bin/../lib/gcc/arm-none-eabi/13.3.1/thumb/v7-m/nofp\libc_nano.a(libc_a-exit.o)
                              C:/Users/zjh/scoop/apps/gcc-arm-none-eabi/current/bin/../lib/gcc/arm-none-eabi/13.3.1/thumb/v7-m/nofp/crt0.o (exit)
C:/Users/zjh/scoop/apps/gcc-arm-none-eabi/current/bin/../lib/gcc/arm-none-eabi/13.3.1/thumb/v7-m/nofp\libc_nano.a(libc_a-findfp.o)
                              C:/Users/zjh/scoop/apps/gcc-arm-none-eabi/current/bin/../lib/gcc/arm-none-eabi/13.3.1/thumb/v7-m/nofp\libc_nano.a(libc_a-exit.o) (__stdio_exit_handler)
C:/Users/zjh/scoop/apps/gcc-arm-none-eabi/current/bin/../lib/gcc/arm-none-eabi/13.3.1/thumb/v7-m/nofp\libc_nano.a(libc_a-fwalk.o)
                              C:/Users/zjh/scoop/apps/gcc-arm-none-eabi/current/bin/../lib/gcc/arm-none-eabi/13.3.1/thumb/v7-m/nofp\libc_nano.a(libc_a-findfp.o) (_fwalk_sglue)
C:/Users/zjh/scoop/apps/gcc-arm-none-eabi/current/bin/../lib/gcc/arm-none-eabi/13.3.1/thumb/v7-m/nofp\libc_nano.a(libc_a-stdio.o)
                              C:/Users/zjh/scoop/apps/gcc-arm-none-eabi/current/bin/../lib/gcc/arm-none-eabi/13.3.1/thumb/v7-m/nofp\libc_nano.a(libc_a-findfp.o) (__sread)
C:/Users/zjh/scoop/apps/gcc-arm-none-eabi/current/bin/../lib/gcc/arm-none-eabi/13.3.1/thumb/v7-m/nofp\libc_nano.a(libc_a-memset.o)
                              C:/Users/zjh/scoop/apps/gcc-arm-none-eabi/current/bin/../lib/gcc/arm-none-eabi/13.3.1/thumb/v7-m/nofp/crt0.o (memset)
C:/Users/zjh/scoop/apps/gcc-arm-none-eabi/current/bin/../lib/gcc/arm-none-eabi/13.3.1/thumb/v7-m/nofp\libc_nano.a(libc_a-closer.o)
                              C:/Users/zjh/scoop/apps/gcc-arm-none-eabi/current/bin/../lib/gcc/arm-none-eabi/13.3.1/thumb/v7-m/nofp\libc_nano.a(libc_a-stdio.o) (_close_r)
C:/Users/zjh/scoop/apps/gcc-arm-none-eabi/current/bin/../lib/gcc/arm-none-eabi/13.3.1/thumb/v7-m/nofp\libc_nano.a(libc_a-reent.o)
                              C:/Users/zjh/scoop/apps/gcc-arm-none-eabi/current/bin/../lib/gcc/arm-none-eabi/13.3.1/thumb/v7-m/nofp\libc_nano.a(libc_a-closer.o) (errno)
C:/Users/zjh/scoop/apps/gcc-arm-none-eabi/current/bin/../lib/gcc/arm-none-eabi/13.3.1/thumb/v7-m/nofp\libc_nano.a(libc_a-impure.o)
                              C:/Users/zjh/scoop/apps/gcc-arm-none-eabi/current/bin/../lib/gcc/arm-none-eabi/13.3.1/thumb/v7-m/nofp\libc_nano.a(libc_a-reent.o) (_impure_ptr)
C:/Users/zjh/scoop/apps/gcc-arm-none-eabi/current/bin/../lib/gcc/arm-none-eabi/13.3.1/thumb/v7-m/nofp\libc_nano.a(libc_a-lseekr.o)
                              C:/Users/zjh/scoop/apps/gcc-arm-none-eabi/current/bin/../lib/gcc/arm-none-eabi/13.3.1/thumb/v7-m/nofp\libc_nano.a(libc_a-stdio.o) (_lseek_r)
C:/Users/zjh/scoop/apps/gcc-arm-none-eabi/current/bin/../lib/gcc/arm-none-eabi/13.3.1/thumb/v7-m/nofp\libc_nano.a(libc_a-readr.o)
                              C:/Users/zjh/scoop/apps/gcc-arm-none-eabi/current/bin/../lib/gcc/arm-none-eabi/13.3.1/thumb/v7-m/nofp\libc_nano.a(libc_a-stdio.o) (_read_r)
C:/Users/zjh/scoop/apps/gcc-arm-none-eabi/current/bin/../lib/gcc/arm-none-eabi/13.3.1/thumb/v7-m/nofp\libc_nano.a(libc_a-writer.o)
                              C:/Users/zjh/scoop/apps/gcc-arm-none-eabi/current/bin/../lib/gcc/arm-none-eabi/13.3.1/thumb/v7-m/nofp\libc_nano.a(libc_a-stdio.o) (_write_r)
C:/Users/zjh/scoop/apps/gcc-arm-none-eabi/current/bin/../lib/gcc/arm-none-eabi/13.3.1/thumb/v7-m/nofp\libc_nano.a(libc_a-init.o)
                              C:/Users/zjh/scoop/apps/gcc-arm-none-eabi/current/bin/../lib/gcc/arm-none-eabi/13.3.1/thumb/v7-m/nofp/crt0.o (__libc_init_array)
C:/Users/zjh/scoop/apps/gcc-arm-none-eabi/current/bin/../lib/gcc/arm-none-eabi/13.3.1/thumb/v7-m/nofp\libc_nano.a(libc_a-lock.o)
                              C:/Users/zjh/scoop/apps/gcc-arm-none-eabi/current/bin/../lib/gcc/arm-none-eabi/13.3.1/thumb/v7-m/nofp\libc_nano.a(libc_a-findfp.o) (__retarget_lock_init_recursive)
C:/Users/zjh/scoop/apps/gcc-arm-none-eabi/current/bin/../lib/gcc/arm-none-eabi/13.3.1/thumb/v7-m/nofp\libc_nano.a(libc_a-freer.o)
                              C:/Users/zjh/scoop/apps/gcc-arm-none-eabi/current/bin/../lib/gcc/arm-none-eabi/13.3.1/thumb/v7-m/nofp\libc_nano.a(libc_a-reent.o) (_free_r)
C:/Users/zjh/scoop/apps/gcc-arm-none-eabi/current/bin/../lib/gcc/arm-none-eabi/13.3.1/thumb/v7-m/nofp\libc_nano.a(libc_a-mallocr.o)
                              C:/Users/zjh/scoop/apps/gcc-arm-none-eabi/current/bin/../lib/gcc/arm-none-eabi/13.3.1/thumb/v7-m/nofp\libc_nano.a(libc_a-findfp.o) (_malloc_r)
C:/Users/zjh/scoop/apps/gcc-arm-none-eabi/current/bin/../lib/gcc/arm-none-eabi/13.3.1/thumb/v7-m/nofp\libc_nano.a(libc_a-mlock.o)
                              C:/Users/zjh/scoop/apps/gcc-arm-none-eabi/current/bin/../lib/gcc/arm-none-eabi/13.3.1/thumb/v7-m/nofp\libc_nano.a(libc_a-freer.o) (__malloc_lock)
C:/Users/zjh/scoop/apps/gcc-arm-none-eabi/current/bin/../lib/gcc/arm-none-eabi/13.3.1/thumb/v7-m/nofp\libc_nano.a(libc_a-fflush.o)
[...]
Memory Configuration

Name             Origin             Length             Attributes
RAM              0x20000000         0x00010000         xrw
FLASH            0x08000000         0x00080000         xr
*default*        0x00000000         0xffffffff

Linker script and memory map

LOAD C:/Users/zjh/scoop/apps/gcc-arm-none-eabi/current/bin/../lib/gcc/arm-none-eabi/13.3.1/thumb/v7-m/nofp/crti.o
LOAD C:/Users/zjh/scoop/apps/gcc-arm-none-eabi/current/bin/../lib/gcc/arm-none-eabi/13.3.1/thumb/v7-m/nofp/crtbegin.o
LOAD C:/Users/zjh/scoop/apps/gcc-arm-none-eabi/current/bin/../lib/gcc/arm-none-eabi/13.3.1/thumb/v7-m/nofp/crt0.o
START GROUP
LOAD C:/Users/zjh/scoop/apps/gcc-arm-none-eabi/current/bin/../lib/gcc/arm-none-eabi/13.3.1/thumb/v7-m/nofp\libc_nano.a
LOAD C:/Users/zjh/scoop/apps/gcc-arm-none-eabi/current/bin/../lib/gcc/arm-none-eabi/13.3.1/thumb/v7-m/nofp\libm.a
END GROUP
LOAD CMakeFiles/shell.dir/Core/lettershell/src/shell.c.obj
LOAD CMakeFiles/shell.dir/Core/lettershell/src/shell_cmd_list.c.obj
LOAD CMakeFiles/shell.dir/Core/lettershell/src/shell_companion.c.obj
LOAD CMakeFiles/shell.dir/Core/lettershell/src/shell_ext.c.obj
LOAD CMakeFiles/shell.dir/Core/lettershell/src/shell_port.c.obj
LOAD CMakeFiles/shell.dir/Core/Src/main.c.obj
LOAD CMakeFiles/shell.dir/Core/Src/gpio.c.obj
LOAD CMakeFiles/shell.dir/Core/Src/freertos.c.obj
LOAD CMakeFiles/shell.dir/Core/Src/usart.c.obj
LOAD CMakeFiles/shell.dir/Core/Src/stm32f1xx_it.c.obj
LOAD CMakeFiles/shell.dir/Core/Src/stm32f1xx_hal_msp.c.obj
LOAD CMakeFiles/shell.dir/Core/Src/stm32f1xx_hal_timebase_tim.c.obj
LOAD CMakeFiles/shell.dir/Drivers/STM32F1xx_HAL_Driver/Src/stm32f1xx_hal_gpio_ex.c.obj
LOAD CMakeFiles/shell.dir/Drivers/STM32F1xx_HAL_Driver/Src/stm32f1xx_hal.c.obj
LOAD CMakeFiles/shell.dir/Drivers/STM32F1xx_HAL_Driver/Src/stm32f1xx_hal_rcc.c.obj
LOAD CMakeFiles/shell.dir/Drivers/STM32F1xx_HAL_Driver/Src/stm32f1xx_hal_rcc_ex.c.obj
LOAD CMakeFiles/shell.dir/Drivers/STM32F1xx_HAL_Driver/Src/stm32f1xx_hal_gpio.c.obj
LOAD CMakeFiles/shell.dir/Drivers/STM32F1xx_HAL_Driver/Src/stm32f1xx_hal_dma.c.obj
LOAD CMakeFiles/shell.dir/Drivers/STM32F1xx_HAL_Driver/Src/stm32f1xx_hal_cortex.c.obj
LOAD CMakeFiles/shell.dir/Drivers/STM32F1xx_HAL_Driver/Src/stm32f1xx_hal_pwr.c.obj
LOAD CMakeFiles/shell.dir/Drivers/STM32F1xx_HAL_Driver/Src/stm32f1xx_hal_flash.c.obj
LOAD CMakeFiles/shell.dir/Drivers/STM32F1xx_HAL_Driver/Src/stm32f1xx_hal_flash_ex.c.obj
LOAD CMakeFiles/shell.dir/Drivers/STM32F1xx_HAL_Driver/Src/stm32f1xx_hal_exti.c.obj
LOAD CMakeFiles/shell.dir/Drivers/STM32F1xx_HAL_Driver/Src/stm32f1xx_hal_tim.c.obj
LOAD CMakeFiles/shell.dir/Drivers/STM32F1xx_HAL_Driver/Src/stm32f1xx_hal_tim_ex.c.obj
LOAD CMakeFiles/shell.dir/Drivers/STM32F1xx_HAL_Driver/Src/stm32f1xx_hal_uart.c.obj
LOAD CMakeFiles/shell.dir/Core/Src/system_stm32f1xx.c.obj
LOAD CMakeFiles/shell.dir/Middlewares/Third_Party/FreeRTOS/Source/croutine.c.obj
LOAD CMakeFiles/shell.dir/Middlewares/Third_Party/FreeRTOS/Source/event_groups.c.obj
LOAD CMakeFiles/shell.dir/Middlewares/Third_Party/FreeRTOS/Source/list.c.obj
LOAD CMakeFiles/shell.dir/Middlewares/Third_Party/FreeRTOS/Source/queue.c.obj
LOAD CMakeFiles/shell.dir/Middlewares/Third_Party/FreeRTOS/Source/stream_buffer.c.obj
LOAD CMakeFiles/shell.dir/Middlewares/Third_Party/FreeRTOS/Source/tasks.c.obj
LOAD CMakeFiles/shell.dir/Middlewares/Third_Party/FreeRTOS/Source/timers.c.obj
LOAD CMakeFiles/shell.dir/Middlewares/Third_Party/FreeRTOS/Source/CMSIS_RTOS_V2/cmsis_os2.c.obj
LOAD CMakeFiles/shell.dir/Middlewares/Third_Party/FreeRTOS/Source/portable/MemMang/heap_4.c.obj
LOAD CMakeFiles/shell.dir/Middlewares/Third_Party/FreeRTOS/Source/portable/GCC/ARM_CM3/port.c.obj
LOAD CMakeFiles/shell.dir/Core/Src/sysmem.c.obj
LOAD CMakeFiles/shell.dir/Core/Src/syscalls.c.obj
LOAD CMakeFiles/shell.dir/startup_stm32f103xe.s.obj
START GROUP
LOAD C:/Users/zjh/scoop/apps/gcc-arm-none-eabi/current/bin/../lib/gcc/arm-none-eabi/13.3.1/thumb/v7-m/nofp\libgcc.a
LOAD C:/Users/zjh/scoop/apps/gcc-arm-none-eabi/current/bin/../lib/gcc/arm-none-eabi/13.3.1/thumb/v7-m/nofp\libg_nano.a
LOAD C:/Users/zjh/scoop/apps/gcc-arm-none-eabi/current/bin/../lib/gcc/arm-none-eabi/13.3.1/thumb/v7-m/nofp\libc_nano.a
END GROUP
START GROUP
LOAD C:/Users/zjh/scoop/apps/gcc-arm-none-eabi/current/bin/../lib/gcc/arm-none-eabi/13.3.1/thumb/v7-m/nofp\libgcc.a
LOAD C:/Users/zjh/scoop/apps/gcc-arm-none-eabi/current/bin/../lib/gcc/arm-none-eabi/13.3.1/thumb/v7-m/nofp\libc_nano.a
END GROUP
LOAD C:/Users/zjh/scoop/apps/gcc-arm-none-eabi/current/bin/../lib/gcc/arm-none-eabi/13.3.1/thumb/v7-m/nofp/crtend.o
LOAD C:/Users/zjh/scoop/apps/gcc-arm-none-eabi/current/bin/../lib/gcc/arm-none-eabi/13.3.1/thumb/v7-m/nofp/crtn.o
                0x20010000                        _estack = (ORIGIN (RAM) + LENGTH (RAM))
                0x00000200                        _Min_Heap_Size = 0x200
                0x00000400                        _Min_Stack_Size = 0x400

.isr_vector     0x08000000      0x1e4
                0x08000000                        . = ALIGN (0x4)
 *(.isr_vector)
 .isr_vector    0x08000000      0x1e4 CMakeFiles/shell.dir/startup_stm32f103xe.s.obj
                0x08000000                g_pfnVectors
                0x080001e4                        . = ALIGN (0x4)

.text           0x080001f0     0x8334
                0x080001f0                        . = ALIGN (0x4)
 *(.text)
 .text          0x080001f0      0x21c C:/Users/zjh/scoop/apps/gcc-arm-none-eabi/current/bin/../lib/gcc/arm-none-eabi/13.3.1/thumb/v7-m/nofp\libgcc.a(_arm_addsubsf3.o)
                0x080001f0                __aeabi_frsub
                0x080001f8                __subsf3
                0x080001f8                __aeabi_fsub
                0x080001fc                __aeabi_fadd
                0x080001fc                __addsf3
                0x0800035c                __aeabi_ui2f
                0x0800035c                __floatunsisf
                0x08000364                __aeabi_i2f
                0x08000364                __floatsisf
                0x08000380                __aeabi_ul2f
                0x08000380                __floatundisf
                0x08000390                __aeabi_l2f
                0x08000390                __floatdisf
 .text          0x0800040c      0x2a0 C:/Users/zjh/scoop/apps/gcc-arm-none-eabi/current/bin/../lib/gcc/arm-none-eabi/13.3.1/thumb/v7-m/nofp\libgcc.a(_arm_muldivsf3.o)
                0x0800040c                __mulsf3
                0x0800040c                __aeabi_fmul
                0x08000574                __aeabi_fdiv
                0x08000574                __divsf3
 .text          0x080006ac       0x14 C:/Users/zjh/scoop/apps/gcc-arm-none-eabi/current/bin/../lib/gcc/arm-none-eabi/13.3.1/thumb/v7-m/nofp\libg_nano.a(libc_a-strcmp.o)
                0x080006ac                strcmp
 .text          0x080006c0       0x10 C:/Users/zjh/scoop/apps/gcc-arm-none-eabi/current/bin/../lib/gcc/arm-none-eabi/13.3.1/thumb/v7-m/nofp\libg_nano.a(libc_a-strlen.o)
                0x080006c0                strlen
 *(.text*)
 .text.deregister_tm_clones
                0x080006d0       0x1c C:/Users/zjh/scoop/apps/gcc-arm-none-eabi/current/bin/../lib/gcc/arm-none-eabi/13.3.1/thumb/v7-m/nofp/crtbegin.o
 .text.register_tm_clones
                0x080006ec       0x24 C:/Users/zjh/scoop/apps/gcc-arm-none-eabi/current/bin/../lib/gcc/arm-none-eabi/13.3.1/thumb/v7-m/nofp/crtbegin.o
 .text.__do_global_dtors_aux
                0x08000710       0x28 C:/Users/zjh/scoop/apps/gcc-arm-none-eabi/current/bin/../lib/gcc/arm-none-eabi/13.3.1/thumb/v7-m/nofp/crtbegin.o
 .text.frame_dummy
                0x08000738       0x24 C:/Users/zjh/scoop/apps/gcc-arm-none-eabi/current/bin/../lib/gcc/arm-none-eabi/13.3.1/thumb/v7-m/nofp/crtbegin.o
 .text.memset   0x0800075c       0x10 C:/Users/zjh/scoop/apps/gcc-arm-none-eabi/current/bin/../lib/gcc/arm-none-eabi/13.3.1/thumb/v7-m/nofp\libc_nano.a(libc_a-memset.o)
                0x0800075c                memset
 .text.__libc_init_array
                0x0800076c       0x48 C:/Users/zjh/scoop/apps/gcc-arm-none-eabi/current/bin/../lib/gcc/arm-none-eabi/13.3.1/thumb/v7-m/nofp\libc_nano.a(libc_a-init.o)
                0x0800076c                __libc_init_array
 .text.shellInit
                0x080007b4       0xec CMakeFiles/shell.dir/Core/lettershell/src/shell.c.obj
                0x080007b4                shellInit
 .text.shellAdd
                0x080008a0       0x4c CMakeFiles/shell.dir/Core/lettershell/src/shell.c.obj
 .text.shellGetCurrent
                0x080008ec       0x64 CMakeFiles/shell.dir/Core/lettershell/src/shell.c.obj
                0x080008ec                shellGetCurrent
 .text.shellWriteByte
                0x08000950       0x20 CMakeFiles/shell.dir/Core/lettershell/src/shell.c.obj
 .text.shellWriteString
                0x08000970       0x48 CMakeFiles/shell.dir/Core/lettershell/src/shell.c.obj
                0x08000970                shellWriteString
 .text.shellWriteCommandDesc
                0x080009b8       0x84 CMakeFiles/shell.dir/Core/lettershell/src/shell.c.obj
 .text.shellWritePrompt
                0x08000a3c       0x8c CMakeFiles/shell.dir/Core/lettershell/src/shell.c.obj
 .text.shellCheckPermission
                0x08000ac8       0x62 CMakeFiles/shell.dir/Core/lettershell/src/shell.c.obj
                0x08000ac8                shellCheckPermission
 .text.shellToHex
                0x08000b2a       0x64 CMakeFiles/shell.dir/Core/lettershell/src/shell.c.obj
                0x08000b2a                shellToHex
 *fill*         0x08000b8e        0x2 
 .text.shellToDec
                0x08000b90       0xb0 CMakeFiles/shell.dir/Core/lettershell/src/shell.c.obj
                0x08000b90                shellToDec
 .text.shellStringCopy
                0x08000c40       0x48 CMakeFiles/shell.dir/Core/lettershell/src/shell.c.obj
 .text.shellStringCompare
                0x08000c88       0x5c CMakeFiles/shell.dir/Core/lettershell/src/shell.c.obj
 .text.shellGetCommandName
                0x08000ce4       0x78 CMakeFiles/shell.dir/Core/lettershell/src/shell.c.obj
 .text.shellGetCommandDesc
                0x08000d5c       0x52 CMakeFiles/shell.dir/Core/lettershell/src/shell.c.obj
 *fill*         0x08000dae        0x2 
 .text.shellListItem
                0x08000db0      0x144 CMakeFiles/shell.dir/Core/lettershell/src/shell.c.obj
                0x08000db0                shellListItem
 .text.shellListCommand
                0x08000ef4       0x88 CMakeFiles/shell.dir/Core/lettershell/src/shell.c.obj
                0x08000ef4                shellListCommand
 .text.shellListVar
                0x08000f7c       0xa0 CMakeFiles/shell.dir/Core/lettershell/src/shell.c.obj
                0x08000f7c                shellListVar
 .text.shellListUser
                0x0800101c       0xa0 CMakeFiles/shell.dir/Core/lettershell/src/shell.c.obj
                0x0800101c                shellListUser
 .text.shellListKey
                0x080010bc       0xa0 CMakeFiles/shell.dir/Core/lettershell/src/shell.c.obj
                0x080010bc                shellListKey
 .text.shellListAll
                0x0800115c       0x16 CMakeFiles/shell.dir/Core/lettershell/src/shell.c.obj
                0x0800115c                shellListAll
 *fill*         0x08001172        0x2 
 .text.shellDeleteCommandLine
                0x08001174       0x30 CMakeFiles/shell.dir/Core/lettershell/src/shell.c.obj
                0x08001174                shellDeleteCommandLine
 .text.shellClearCommandLine
                0x080011a4       0x4a CMakeFiles/shell.dir/Core/lettershell/src/shell.c.obj
                0x080011a4                shellClearCommandLine
 *fill*         0x080011ee        0x2 
 .text.shellInsertByte
                0x080011f0      0x180 CMakeFiles/shell.dir/Core/lettershell/src/shell.c.obj
                0x080011f0                shellInsertByte
 .text.shellDeleteByte
                0x08001370      0x186 CMakeFiles/shell.dir/Core/lettershell/src/shell.c.obj
                0x08001370                shellDeleteByte
 .text.shellParserParam
                0x080014f6      0x108 CMakeFiles/shell.dir/Core/lettershell/src/shell.c.obj
 .text.shellRemoveParamQuotes
                0x080015fe       0x9a CMakeFiles/shell.dir/Core/lettershell/src/shell.c.obj
 .text.shellSeekCommand
                0x08001698       0xb8 CMakeFiles/shell.dir/Core/lettershell/src/shell.c.obj
                0x08001698                shellSeekCommand
 .text.shellGetVarValue
                0x08001750       0x94 CMakeFiles/shell.dir/Core/lettershell/src/shell.c.obj
                0x08001750                shellGetVarValue
 .text.shellSetVarValue
                0x080017e4       0xe8 CMakeFiles/shell.dir/Core/lettershell/src/shell.c.obj
                0x080017e4                shellSetVarValue
 .text.shellShowVar
                0x080018cc       0xf0 CMakeFiles/shell.dir/Core/lettershell/src/shell.c.obj
 .text.shellSetVar
                0x080019bc       0x8c CMakeFiles/shell.dir/Core/lettershell/src/shell.c.obj
                0x080019bc                shellSetVar
 .text.shellRunCommand
                0x08001a48       0xea CMakeFiles/shell.dir/Core/lettershell/src/shell.c.obj
                0x08001a48                shellRunCommand
 *fill*         0x08001b32        0x2 
 .text.shellCheckPassword
                0x08001b34       0x60 CMakeFiles/shell.dir/Core/lettershell/src/shell.c.obj
 .text.shellSetUser
                0x08001b94       0x90 CMakeFiles/shell.dir/Core/lettershell/src/shell.c.obj
 .text.shellWriteReturnValue
                0x08001c24       0xa8 CMakeFiles/shell.dir/Core/lettershell/src/shell.c.obj
 .text.shellHistoryAdd
                0x08001ccc       0xba CMakeFiles/shell.dir/Core/lettershell/src/shell.c.obj
 *fill*         0x08001d86        0x2 
 .text.shellHistory
                0x08001d88      0x124 CMakeFiles/shell.dir/Core/lettershell/src/shell.c.obj
 .text.shellNormalInput
                0x08001eac       0x2c CMakeFiles/shell.dir/Core/lettershell/src/shell.c.obj
                0x08001eac                shellNormalInput
 .text.shellExec
                0x08001ed8       0xa4 CMakeFiles/shell.dir/Core/lettershell/src/shell.c.obj
                0x08001ed8                shellExec
 .text.shellUp  0x08001f7c       0x18 CMakeFiles/shell.dir/Core/lettershell/src/shell.c.obj
                0x08001f7c                shellUp
 .text.shellDown
                0x08001f94       0x1a CMakeFiles/shell.dir/Core/lettershell/src/shell.c.obj
                0x08001f94                shellDown
 .text.shellRight
                0x08001fae       0x38 CMakeFiles/shell.dir/Core/lettershell/src/shell.c.obj
                0x08001fae                shellRight
 .text.shellLeft
                0x08001fe6       0x2c CMakeFiles/shell.dir/Core/lettershell/src/shell.c.obj
                0x08001fe6                shellLeft
 *fill*         0x08002012        0x2 
 .text.shellTab
                0x08002014      0x260 CMakeFiles/shell.dir/Core/lettershell/src/shell.c.obj
                0x08002014                shellTab
 .text.shellBackspace
                0x08002274       0x18 CMakeFiles/shell.dir/Core/lettershell/src/shell.c.obj
                0x08002274                shellBackspace
 .text.shellDelete
                0x0800228c       0x1a CMakeFiles/shell.dir/Core/lettershell/src/shell.c.obj
                0x0800228c                shellDelete
 .text.shellEnter
                0x080022a6       0x1e CMakeFiles/shell.dir/Core/lettershell/src/shell.c.obj
                0x080022a6                shellEnter
 .text.shellWriteCommandHelp
                0x080022c4       0x7c CMakeFiles/shell.dir/Core/lettershell/src/shell.c.obj
 .text.shellHelp
                0x08002340       0x3e CMakeFiles/shell.dir/Core/lettershell/src/shell.c.obj
                0x08002340                shellHelp
 *fill*         0x0800237e        0x2 
 .text.shellHandler
                0x08002380      0x194 CMakeFiles/shell.dir/Core/lettershell/src/shell.c.obj
                0x08002380                shellHandler
 .text.shellTask
                0x08002514       0x34 CMakeFiles/shell.dir/Core/lettershell/src/shell.c.obj
                0x08002514                shellTask
 .text.shellUsers
                0x08002548       0x20 CMakeFiles/shell.dir/Core/lettershell/src/shell.c.obj
                0x08002548                shellUsers
 .text.shellCmds
                0x08002568       0x20 CMakeFiles/shell.dir/Core/lettershell/src/shell.c.obj
                0x08002568                shellCmds
 .text.shellVars
                0x08002588       0x20 CMakeFiles/shell.dir/Core/lettershell/src/shell.c.obj
                0x08002588                shellVars
 .text.shellKeys
                0x080025a8       0x20 CMakeFiles/shell.dir/Core/lettershell/src/shell.c.obj
                0x080025a8                shellKeys
 .text.shellClear
                0x080025c8       0x2c CMakeFiles/shell.dir/Core/lettershell/src/shell.c.obj
                0x080025c8                shellClear
 .text.shellExtNumType
                0x080025f4       0x92 CMakeFiles/shell.dir/Core/lettershell/src/shell_ext.c.obj
 .text.shellExtToNum
                0x08002686       0x52 CMakeFiles/shell.dir/Core/lettershell/src/shell_ext.c.obj
 .text.shellExtParseChar
                0x080026d8       0xc0 CMakeFiles/shell.dir/Core/lettershell/src/shell_ext.c.obj
 .text.shellExtParseString
                0x08002798       0x90 CMakeFiles/shell.dir/Core/lettershell/src/shell_ext.c.obj
 .text.shellExtParseNumber
                0x08002828      0x14e CMakeFiles/shell.dir/Core/lettershell/src/shell_ext.c.obj
 .text.shellExtParseVar
                0x08002976       0x38 CMakeFiles/shell.dir/Core/lettershell/src/shell_ext.c.obj
 .text.shellExtParsePara
                0x080029ae       0x82 CMakeFiles/shell.dir/Core/lettershell/src/shell_ext.c.obj
                0x080029ae                shellExtParsePara
 .text.shellExtRun
                0x08002a30      0x15c CMakeFiles/shell.dir/Core/lettershell/src/shell_ext.c.obj
                0x08002a30                shellExtRun
 .text.ShellWrite
                0x08002b8c       0x2c CMakeFiles/shell.dir/Core/lettershell/src/shell_port.c.obj
                0x08002b8c                ShellWrite
 .text.ShellRead
                0x08002bb8       0x34 CMakeFiles/shell.dir/Core/lettershell/src/shell_port.c.obj
                0x08002bb8                ShellRead
 .text.ShellLock
                0x08002bec       0x24 CMakeFiles/shell.dir/Core/lettershell/src/shell_port.c.obj
                0x08002bec                ShellLock
 .text.ShellUnlock
                0x08002c10       0x20 CMakeFiles/shell.dir/Core/lettershell/src/shell_port.c.obj
                0x08002c10                ShellUnlock
 .text.ShellInit
                0x08002c30       0x54 CMakeFiles/shell.dir/Core/lettershell/src/shell_port.c.obj
                0x08002c30                ShellInit
 .text.main     0x08002c84       0x2c CMakeFiles/shell.dir/Core/Src/main.c.obj
                0x08002c84                main
 .text.SystemClock_Config
                0x08002cb0       0x76 CMakeFiles/shell.dir/Core/Src/main.c.obj
                0x08002cb0                SystemClock_Config
 *fill*         0x08002d26        0x2 
 .text.HAL_TIM_PeriodElapsedCallback
                0x08002d28       0x24 CMakeFiles/shell.dir/Core/Src/main.c.obj
                0x08002d28                HAL_TIM_PeriodElapsedCallback
 .text.Error_Handler
                0x08002d4c        0xc CMakeFiles/shell.dir/Core/Src/main.c.obj
                0x08002d4c                Error_Handler
 .text.MX_GPIO_Init
                0x08002d58       0x44 CMakeFiles/shell.dir/Core/Src/gpio.c.obj
                0x08002d58                MX_GPIO_Init
 .text.MX_FREERTOS_Init
                0x08002d9c       0x44 CMakeFiles/shell.dir/Core/Src/freertos.c.obj
                0x08002d9c                MX_FREERTOS_Init
 .text.StartDefaultTask
                0x08002de0       0x10 CMakeFiles/shell.dir/Core/Src/freertos.c.obj
                0x08002de0                StartDefaultTask
 .text.MX_USART1_UART_Init
                0x08002df0       0x54 CMakeFiles/shell.dir/Core/Src/usart.c.obj
                0x08002df0                MX_USART1_UART_Init
 .text.MX_USART2_UART_Init
                0x08002e44       0x54 CMakeFiles/shell.dir/Core/Src/usart.c.obj
                0x08002e44                MX_USART2_UART_Init
 .text.HAL_UART_MspInit
                0x08002e98      0x118 CMakeFiles/shell.dir/Core/Src/usart.c.obj
                0x08002e98                HAL_UART_MspInit
 .text.NMI_Handler
                0x08002fb0        0x8 CMakeFiles/shell.dir/Core/Src/stm32f1xx_it.c.obj
                0x08002fb0                NMI_Handler
 .text.HardFault_Handler
                0x08002fb8        0x8 CMakeFiles/shell.dir/Core/Src/stm32f1xx_it.c.obj
                0x08002fb8                HardFault_Handler
 .text.MemManage_Handler
                0x08002fc0        0x8 CMakeFiles/shell.dir/Core/Src/stm32f1xx_it.c.obj
                0x08002fc0                MemManage_Handler
 .text.BusFault_Handler
                0x08002fc8        0x8 CMakeFiles/shell.dir/Core/Src/stm32f1xx_it.c.obj
                0x08002fc8                BusFault_Handler
 .text.UsageFault_Handler
                0x08002fd0        0x8 CMakeFiles/shell.dir/Core/Src/stm32f1xx_it.c.obj
                0x08002fd0                UsageFault_Handler
 .text.DebugMon_Handler
                0x08002fd8        0xc CMakeFiles/shell.dir/Core/Src/stm32f1xx_it.c.obj
                0x08002fd8                DebugMon_Handler
 .text.USART2_IRQHandler
                0x08002fe4       0x14 CMakeFiles/shell.dir/Core/Src/stm32f1xx_it.c.obj
                0x08002fe4                USART2_IRQHandler
 .text.TIM6_IRQHandler
                0x08002ff8       0x14 CMakeFiles/shell.dir/Core/Src/stm32f1xx_it.c.obj
                0x08002ff8                TIM6_IRQHandler
 .text.HAL_MspInit
                0x0800300c       0x70 CMakeFiles/shell.dir/Core/Src/stm32f1xx_hal_msp.c.obj
                0x0800300c                HAL_MspInit
 .text.HAL_InitTick
                0x0800307c       0xfc CMakeFiles/shell.dir/Core/Src/stm32f1xx_hal_timebase_tim.c.obj
                0x0800307c                HAL_InitTick
 .text.HAL_Init
                0x08003178       0x2c CMakeFiles/shell.dir/Drivers/STM32F1xx_HAL_Driver/Src/stm32f1xx_hal.c.obj
                0x08003178                HAL_Init
 .text.HAL_IncTick
                0x080031a4       0x24 CMakeFiles/shell.dir/Drivers/STM32F1xx_HAL_Driver/Src/stm32f1xx_hal.c.obj
                0x080031a4                HAL_IncTick
 .text.HAL_GetTick
                0x080031c8       0x14 CMakeFiles/shell.dir/Drivers/STM32F1xx_HAL_Driver/Src/stm32f1xx_hal.c.obj
                0x080031c8                HAL_GetTick
 .text.HAL_RCC_OscConfig
                0x080031dc      0x504 CMakeFiles/shell.dir/Drivers/STM32F1xx_HAL_Driver/Src/stm32f1xx_hal_rcc.c.obj
                0x080031dc                HAL_RCC_OscConfig
 .text.HAL_RCC_ClockConfig
                0x080036e0      0x1d4 CMakeFiles/shell.dir/Drivers/STM32F1xx_HAL_Driver/Src/stm32f1xx_hal_rcc.c.obj
                0x080036e0                HAL_RCC_ClockConfig
 .text.HAL_RCC_GetSysClockFreq
                0x080038b4       0xa8 CMakeFiles/shell.dir/Drivers/STM32F1xx_HAL_Driver/Src/stm32f1xx_hal_rcc.c.obj
                0x080038b4                HAL_RCC_GetSysClockFreq
 .text.HAL_RCC_GetHCLKFreq
                0x0800395c       0x14 CMakeFiles/shell.dir/Drivers/STM32F1xx_HAL_Driver/Src/stm32f1xx_hal_rcc.c.obj
                0x0800395c                HAL_RCC_GetHCLKFreq
 .text.HAL_RCC_GetPCLK1Freq
                0x08003970       0x28 CMakeFiles/shell.dir/Drivers/STM32F1xx_HAL_Driver/Src/stm32f1xx_hal_rcc.c.obj
                0x08003970                HAL_RCC_GetPCLK1Freq
 .text.HAL_RCC_GetPCLK2Freq
                0x08003998       0x28 CMakeFiles/shell.dir/Drivers/STM32F1xx_HAL_Driver/Src/stm32f1xx_hal_rcc.c.obj
                0x08003998                HAL_RCC_GetPCLK2Freq
 .text.HAL_RCC_GetClockConfig
                0x080039c0       0x60 CMakeFiles/shell.dir/Drivers/STM32F1xx_HAL_Driver/Src/stm32f1xx_hal_rcc.c.obj
                0x080039c0                HAL_RCC_GetClockConfig
 .text.RCC_Delay
                0x08003a20       0x3c CMakeFiles/shell.dir/Drivers/STM32F1xx_HAL_Driver/Src/stm32f1xx_hal_rcc.c.obj
 .text.HAL_GPIO_Init
                0x08003a5c      0x328 CMakeFiles/shell.dir/Drivers/STM32F1xx_HAL_Driver/Src/stm32f1xx_hal_gpio.c.obj
                0x08003a5c                HAL_GPIO_Init
 .text.HAL_DMA_Abort
                0x08003d84       0x76 CMakeFiles/shell.dir/Drivers/STM32F1xx_HAL_Driver/Src/stm32f1xx_hal_dma.c.obj
                0x08003d84                HAL_DMA_Abort
 *fill*         0x08003dfa        0x2 
 .text.HAL_DMA_Abort_IT
                0x08003dfc      0x210 CMakeFiles/shell.dir/Drivers/STM32F1xx_HAL_Driver/Src/stm32f1xx_hal_dma.c.obj
                0x08003dfc                HAL_DMA_Abort_IT
 .text.__NVIC_SetPriorityGrouping
                0x0800400c       0x48 CMakeFiles/shell.dir/Drivers/STM32F1xx_HAL_Driver/Src/stm32f1xx_hal_cortex.c.obj
 .text.__NVIC_GetPriorityGrouping
                0x08004054       0x1c CMakeFiles/shell.dir/Drivers/STM32F1xx_HAL_Driver/Src/stm32f1xx_hal_cortex.c.obj
 .text.__NVIC_EnableIRQ
                0x08004070       0x38 CMakeFiles/shell.dir/Drivers/STM32F1xx_HAL_Driver/Src/stm32f1xx_hal_cortex.c.obj
 .text.__NVIC_SetPriority
                0x080040a8       0x54 CMakeFiles/shell.dir/Drivers/STM32F1xx_HAL_Driver/Src/stm32f1xx_hal_cortex.c.obj
 .text.NVIC_EncodePriority
                0x080040fc       0x64 CMakeFiles/shell.dir/Drivers/STM32F1xx_HAL_Driver/Src/stm32f1xx_hal_cortex.c.obj
 .text.HAL_NVIC_SetPriorityGrouping
                0x08004160       0x16 CMakeFiles/shell.dir/Drivers/STM32F1xx_HAL_Driver/Src/stm32f1xx_hal_cortex.c.obj
                0x08004160                HAL_NVIC_SetPriorityGrouping
 .text.HAL_NVIC_SetPriority
                0x08004176       0x38 CMakeFiles/shell.dir/Drivers/STM32F1xx_HAL_Driver/Src/stm32f1xx_hal_cortex.c.obj
                0x08004176                HAL_NVIC_SetPriority
 .text.HAL_NVIC_EnableIRQ
                0x080041ae       0x1c CMakeFiles/shell.dir/Drivers/STM32F1xx_HAL_Driver/Src/stm32f1xx_hal_cortex.c.obj
                0x080041ae                HAL_NVIC_EnableIRQ
 .text.HAL_TIM_Base_Init
                0x080041ca       0x9e CMakeFiles/shell.dir/Drivers/STM32F1xx_HAL_Driver/Src/stm32f1xx_hal_tim.c.obj
                0x080041ca                HAL_TIM_Base_Init
 .text.HAL_TIM_Base_MspInit
                0x08004268       0x12 CMakeFiles/shell.dir/Drivers/STM32F1xx_HAL_Driver/Src/stm32f1xx_hal_tim.c.obj
                0x08004268                HAL_TIM_Base_MspInit
 *fill*         0x0800427a        0x2 
 .text.HAL_TIM_Base_Start_IT
                0x0800427c       0xc0 CMakeFiles/shell.dir/Drivers/STM32F1xx_HAL_Driver/Src/stm32f1xx_hal_tim.c.obj
                0x0800427c                HAL_TIM_Base_Start_IT
 .text.HAL_TIM_IRQHandler
                0x0800433c      0x210 CMakeFiles/shell.dir/Drivers/STM32F1xx_HAL_Driver/Src/stm32f1xx_hal_tim.c.obj
                0x0800433c                HAL_TIM_IRQHandler
 .text.HAL_TIM_OC_DelayElapsedCallback
                0x0800454c       0x12 CMakeFiles/shell.dir/Drivers/STM32F1xx_HAL_Driver/Src/stm32f1xx_hal_tim.c.obj
                0x0800454c                HAL_TIM_OC_DelayElapsedCallback
 .text.HAL_TIM_IC_CaptureCallback
                0x0800455e       0x12 CMakeFiles/shell.dir/Drivers/STM32F1xx_HAL_Driver/Src/stm32f1xx_hal_tim.c.obj
                0x0800455e                HAL_TIM_IC_CaptureCallback
 .text.HAL_TIM_PWM_PulseFinishedCallback
                0x08004570       0x12 CMakeFiles/shell.dir/Drivers/STM32F1xx_HAL_Driver/Src/stm32f1xx_hal_tim.c.obj
                0x08004570                HAL_TIM_PWM_PulseFinishedCallback
 .text.HAL_TIM_TriggerCallback
                0x08004582       0x12 CMakeFiles/shell.dir/Drivers/STM32F1xx_HAL_Driver/Src/stm32f1xx_hal_tim.c.obj
                0x08004582                HAL_TIM_TriggerCallback
 .text.TIM_Base_SetConfig
                0x08004594       0xf4 CMakeFiles/shell.dir/Drivers/STM32F1xx_HAL_Driver/Src/stm32f1xx_hal_tim.c.obj
                0x08004594                TIM_Base_SetConfig
 .text.HAL_TIMEx_CommutCallback
                0x08004688       0x12 CMakeFiles/shell.dir/Drivers/STM32F1xx_HAL_Driver/Src/stm32f1xx_hal_tim_ex.c.obj
                0x08004688                HAL_TIMEx_CommutCallback
 .text.HAL_TIMEx_BreakCallback
                0x0800469a       0x12 CMakeFiles/shell.dir/Drivers/STM32F1xx_HAL_Driver/Src/stm32f1xx_hal_tim_ex.c.obj
                0x0800469a                HAL_TIMEx_BreakCallback
 .text.HAL_UART_Init
                0x080046ac       0xa0 CMakeFiles/shell.dir/Drivers/STM32F1xx_HAL_Driver/Src/stm32f1xx_hal_uart.c.obj
                0x080046ac                HAL_UART_Init
 .text.HAL_UART_Transmit
                0x0800474c      0x106 CMakeFiles/shell.dir/Drivers/STM32F1xx_HAL_Driver/Src/stm32f1xx_hal_uart.c.obj
                0x0800474c                HAL_UART_Transmit
 .text.HAL_UART_Receive
                0x08004852      0x124 CMakeFiles/shell.dir/Drivers/STM32F1xx_HAL_Driver/Src/stm32f1xx_hal_uart.c.obj
                0x08004852                HAL_UART_Receive
 *fill*         0x08004976        0x2 
 .text.HAL_UART_IRQHandler
                0x08004978      0x524 CMakeFiles/shell.dir/Drivers/STM32F1xx_HAL_Driver/Src/stm32f1xx_hal_uart.c.obj
                0x08004978                HAL_UART_IRQHandler
 .text.HAL_UART_TxCpltCallback
                0x08004e9c       0x12 CMakeFiles/shell.dir/Drivers/STM32F1xx_HAL_Driver/Src/stm32f1xx_hal_uart.c.obj
                0x08004e9c                HAL_UART_TxCpltCallback
 .text.HAL_UART_RxCpltCallback
                0x08004eae       0x12 CMakeFiles/shell.dir/Drivers/STM32F1xx_HAL_Driver/Src/stm32f1xx_hal_uart.c.obj
                0x08004eae                HAL_UART_RxCpltCallback
 .text.HAL_UART_ErrorCallback
                0x08004ec0       0x12 CMakeFiles/shell.dir/Drivers/STM32F1xx_HAL_Driver/Src/stm32f1xx_hal_uart.c.obj
                0x08004ec0                HAL_UART_ErrorCallback
 .text.HAL_UARTEx_RxEventCallback
                0x08004ed2       0x16 CMakeFiles/shell.dir/Drivers/STM32F1xx_HAL_Driver/Src/stm32f1xx_hal_uart.c.obj
                0x08004ed2                HAL_UARTEx_RxEventCallback
 .text.UART_WaitOnFlagUntilTimeout
                0x08004ee8       0xdc CMakeFiles/shell.dir/Drivers/STM32F1xx_HAL_Driver/Src/stm32f1xx_hal_uart.c.obj
 .text.UART_EndRxTransfer
                0x08004fc4       0xc4 CMakeFiles/shell.dir/Drivers/STM32F1xx_HAL_Driver/Src/stm32f1xx_hal_uart.c.obj
 .text.UART_DMAAbortOnError
                0x08005088       0x28 CMakeFiles/shell.dir/Drivers/STM32F1xx_HAL_Driver/Src/stm32f1xx_hal_uart.c.obj
 .text.UART_Transmit_IT
                0x080050b0       0x9e CMakeFiles/shell.dir/Drivers/STM32F1xx_HAL_Driver/Src/stm32f1xx_hal_uart.c.obj
 .text.UART_EndTransmit_IT
                0x0800514e       0x30 CMakeFiles/shell.dir/Drivers/STM32F1xx_HAL_Driver/Src/stm32f1xx_hal_uart.c.obj
 .text.UART_Receive_IT
                0x0800517e      0x17c CMakeFiles/shell.dir/Drivers/STM32F1xx_HAL_Driver/Src/stm32f1xx_hal_uart.c.obj
 *fill*         0x080052fa        0x2 
 .text.UART_SetConfig
                0x080052fc      0x11c CMakeFiles/shell.dir/Drivers/STM32F1xx_HAL_Driver/Src/stm32f1xx_hal_uart.c.obj
 .text.SystemInit
                0x08005418        0xc CMakeFiles/shell.dir/Core/Src/system_stm32f1xx.c.obj
                0x08005418                SystemInit
 .text.vListInitialise
                0x08005424       0x3e CMakeFiles/shell.dir/Middlewares/Third_Party/FreeRTOS/Source/list.c.obj
                0x08005424                vListInitialise
 .text.vListInitialiseItem
                0x08005462       0x18 CMakeFiles/shell.dir/Middlewares/Third_Party/FreeRTOS/Source/list.c.obj
                0x08005462                vListInitialiseItem
 .text.vListInsertEnd
                0x0800547a       0x46 CMakeFiles/shell.dir/Middlewares/Third_Party/FreeRTOS/Source/list.c.obj
                0x0800547a                vListInsertEnd
 .text.vListInsert
                0x080054c0       0x70 CMakeFiles/shell.dir/Middlewares/Third_Party/FreeRTOS/Source/list.c.obj
                0x080054c0                vListInsert
 .text.uxListRemove
                0x08005530       0x52 CMakeFiles/shell.dir/Middlewares/Third_Party/FreeRTOS/Source/list.c.obj
                0x08005530                uxListRemove
 *fill*         0x08005582        0x2 
 .text.xQueueGenericReset
                0x08005584       0xd4 CMakeFiles/shell.dir/Middlewares/Third_Party/FreeRTOS/Source/queue.c.obj
                0x08005584                xQueueGenericReset
 .text.xQueueGenericCreateStatic
                0x08005658       0xf8 CMakeFiles/shell.dir/Middlewares/Third_Party/FreeRTOS/Source/queue.c.obj
                0x08005658                xQueueGenericCreateStatic
 .text.xQueueGenericCreate
                0x08005750       0x7e CMakeFiles/shell.dir/Middlewares/Third_Party/FreeRTOS/Source/queue.c.obj
                0x08005750                xQueueGenericCreate
 .text.prvInitialiseNewQueue
                0x080057ce       0x46 CMakeFiles/shell.dir/Middlewares/Third_Party/FreeRTOS/Source/queue.c.obj
 .text.prvInitialiseMutex
                0x08005814       0x34 CMakeFiles/shell.dir/Middlewares/Third_Party/FreeRTOS/Source/queue.c.obj
 .text.xQueueCreateMutex
                0x08005848       0x30 CMakeFiles/shell.dir/Middlewares/Third_Party/FreeRTOS/Source/queue.c.obj
                0x08005848                xQueueCreateMutex
 .text.xQueueGiveMutexRecursive
                0x08005878       0x6a CMakeFiles/shell.dir/Middlewares/Third_Party/FreeRTOS/Source/queue.c.obj
                0x08005878                xQueueGiveMutexRecursive
 .text.xQueueTakeMutexRecursive
                0x080058e2       0x6e CMakeFiles/shell.dir/Middlewares/Third_Party/FreeRTOS/Source/queue.c.obj
                0x080058e2                xQueueTakeMutexRecursive
 .text.xQueueGenericSend
                0x08005950      0x204 CMakeFiles/shell.dir/Middlewares/Third_Party/FreeRTOS/Source/queue.c.obj
                0x08005950                xQueueGenericSend
 .text.xQueueGenericSendFromISR
                0x08005b54      0x136 CMakeFiles/shell.dir/Middlewares/Third_Party/FreeRTOS/Source/queue.c.obj
                0x08005b54                xQueueGenericSendFromISR
 *fill*         0x08005c8a        0x2 
 .text.xQueueReceive
                0x08005c8c      0x1c4 CMakeFiles/shell.dir/Middlewares/Third_Party/FreeRTOS/Source/queue.c.obj
                0x08005c8c                xQueueReceive
 .text.xQueueSemaphoreTake
                0x08005e50      0x220 CMakeFiles/shell.dir/Middlewares/Third_Party/FreeRTOS/Source/queue.c.obj
                0x08005e50                xQueueSemaphoreTake
 .text.prvGetDisinheritPriorityAfterTimeout
                0x08006070       0x2e CMakeFiles/shell.dir/Middlewares/Third_Party/FreeRTOS/Source/queue.c.obj
 .text.prvCopyDataToQueue
                0x0800609e       0xd4 CMakeFiles/shell.dir/Middlewares/Third_Party/FreeRTOS/Source/queue.c.obj
 .text.prvCopyDataFromQueue
                0x08006172       0x4c CMakeFiles/shell.dir/Middlewares/Third_Party/FreeRTOS/Source/queue.c.obj
 .text.prvUnlockQueue
                0x080061be       0xa4 CMakeFiles/shell.dir/Middlewares/Third_Party/FreeRTOS/Source/queue.c.obj
 .text.prvIsQueueEmpty
                0x08006262       0x2c CMakeFiles/shell.dir/Middlewares/Third_Party/FreeRTOS/Source/queue.c.obj
 .text.prvIsQueueFull
                0x0800628e       0x30 CMakeFiles/shell.dir/Middlewares/Third_Party/FreeRTOS/Source/queue.c.obj
 *fill*         0x080062be        0x2 
 .text.vQueueAddToRegistry
                0x080062c0       0x50 CMakeFiles/shell.dir/Middlewares/Third_Party/FreeRTOS/Source/queue.c.obj
                0x080062c0                vQueueAddToRegistry
 .text.vQueueWaitForMessageRestricted
                0x08006310       0x68 CMakeFiles/shell.dir/Middlewares/Third_Party/FreeRTOS/Source/queue.c.obj
                0x08006310                vQueueWaitForMessageRestricted
 .text.xTaskCreateStatic
                0x08006378       0xbe CMakeFiles/shell.dir/Middlewares/Third_Party/FreeRTOS/Source/tasks.c.obj
                0x08006378                xTaskCreateStatic
 .text.xTaskCreate
                0x08006436       0x8a CMakeFiles/shell.dir/Middlewares/Third_Party/FreeRTOS/Source/tasks.c.obj
                0x08006436                xTaskCreate
 .text.prvInitialiseNewTask
                0x080064c0      0x110 CMakeFiles/shell.dir/Middlewares/Third_Party/FreeRTOS/Source/tasks.c.obj
 .text.prvAddNewTaskToReadyList
                0x080065d0       0xe0 CMakeFiles/shell.dir/Middlewares/Third_Party/FreeRTOS/Source/tasks.c.obj
 .text.vTaskDelay
                0x080066b0       0x6c CMakeFiles/shell.dir/Middlewares/Third_Party/FreeRTOS/Source/tasks.c.obj
                0x080066b0                vTaskDelay
 .text.vTaskStartScheduler
                0x0800671c       0xd0 CMakeFiles/shell.dir/Middlewares/Third_Party/FreeRTOS/Source/tasks.c.obj
                0x0800671c                vTaskStartScheduler
 .text.vTaskSuspendAll
                0x080067ec       0x1c CMakeFiles/shell.dir/Middlewares/Third_Party/FreeRTOS/Source/tasks.c.obj
                0x080067ec                vTaskSuspendAll
 .text.xTaskResumeAll
                0x08006808      0x13c CMakeFiles/shell.dir/Middlewares/Third_Party/FreeRTOS/Source/tasks.c.obj
                0x08006808                xTaskResumeAll
 .text.xTaskGetTickCount
                0x08006944       0x1c CMakeFiles/shell.dir/Middlewares/Third_Party/FreeRTOS/Source/tasks.c.obj
                0x08006944                xTaskGetTickCount
 .text.xTaskIncrementTick
                0x08006960      0x180 CMakeFiles/shell.dir/Middlewares/Third_Party/FreeRTOS/Source/tasks.c.obj
                0x08006960                xTaskIncrementTick
 .text.vTaskSwitchContext
                0x08006ae0       0xbc CMakeFiles/shell.dir/Middlewares/Third_Party/FreeRTOS/Source/tasks.c.obj
                0x08006ae0                vTaskSwitchContext
 .text.vTaskPlaceOnEventList
                0x08006b9c       0x4c CMakeFiles/shell.dir/Middlewares/Third_Party/FreeRTOS/Source/tasks.c.obj
                0x08006b9c                vTaskPlaceOnEventList
 .text.vTaskPlaceOnEventListRestricted
                0x08006be8       0x58 CMakeFiles/shell.dir/Middlewares/Third_Party/FreeRTOS/Source/tasks.c.obj
                0x08006be8                vTaskPlaceOnEventListRestricted
 .text.xTaskRemoveFromEventList
                0x08006c40       0xc8 CMakeFiles/shell.dir/Middlewares/Third_Party/FreeRTOS/Source/tasks.c.obj
                0x08006c40                xTaskRemoveFromEventList
 .text.vTaskInternalSetTimeOutState
                0x08006d08       0x2c CMakeFiles/shell.dir/Middlewares/Third_Party/FreeRTOS/Source/tasks.c.obj
                0x08006d08                vTaskInternalSetTimeOutState
 .text.xTaskCheckForTimeOut
                0x08006d34       0xc8 CMakeFiles/shell.dir/Middlewares/Third_Party/FreeRTOS/Source/tasks.c.obj
                0x08006d34                xTaskCheckForTimeOut
 .text.vTaskMissedYield
                0x08006dfc       0x18 CMakeFiles/shell.dir/Middlewares/Third_Party/FreeRTOS/Source/tasks.c.obj
                0x08006dfc                vTaskMissedYield
 .text.prvIdleTask
                0x08006e14       0x30 CMakeFiles/shell.dir/Middlewares/Third_Party/FreeRTOS/Source/tasks.c.obj
 .text.prvInitialiseTaskLists
                0x08006e44       0x80 CMakeFiles/shell.dir/Middlewares/Third_Party/FreeRTOS/Source/tasks.c.obj
 .text.prvCheckTasksWaitingTermination
                0x08006ec4       0x5c CMakeFiles/shell.dir/Middlewares/Third_Party/FreeRTOS/Source/tasks.c.obj
 .text.prvDeleteTCB
                0x08006f20       0x60 CMakeFiles/shell.dir/Middlewares/Third_Party/FreeRTOS/Source/tasks.c.obj
 .text.prvResetNextTaskUnblockTime
                0x08006f80       0x48 CMakeFiles/shell.dir/Middlewares/Third_Party/FreeRTOS/Source/tasks.c.obj
 .text.xTaskGetCurrentTaskHandle
                0x08006fc8       0x1c CMakeFiles/shell.dir/Middlewares/Third_Party/FreeRTOS/Source/tasks.c.obj
                0x08006fc8                xTaskGetCurrentTaskHandle
 .text.xTaskGetSchedulerState
                0x08006fe4       0x3c CMakeFiles/shell.dir/Middlewares/Third_Party/FreeRTOS/Source/tasks.c.obj
                0x08006fe4                xTaskGetSchedulerState
 .text.xTaskPriorityInherit
                0x08007020       0xdc CMakeFiles/shell.dir/Middlewares/Third_Party/FreeRTOS/Source/tasks.c.obj
                0x08007020                xTaskPriorityInherit
 .text.xTaskPriorityDisinherit
                0x080070fc       0xe0 CMakeFiles/shell.dir/Middlewares/Third_Party/FreeRTOS/Source/tasks.c.obj
                0x080070fc                xTaskPriorityDisinherit
 .text.vTaskPriorityDisinheritAfterTimeout
                0x080071dc      0x110 CMakeFiles/shell.dir/Middlewares/Third_Party/FreeRTOS/Source/tasks.c.obj
                0x080071dc                vTaskPriorityDisinheritAfterTimeout
 .text.pvTaskIncrementMutexHeldCount
                0x080072ec       0x28 CMakeFiles/shell.dir/Middlewares/Third_Party/FreeRTOS/Source/tasks.c.obj
                0x080072ec                pvTaskIncrementMutexHeldCount
 .text.prvAddCurrentTaskToDelayedList
                0x08007314       0xa8 CMakeFiles/shell.dir/Middlewares/Third_Party/FreeRTOS/Source/tasks.c.obj
 .text.xTimerCreateTimerTask
                0x080073bc       0x94 CMakeFiles/shell.dir/Middlewares/Third_Party/FreeRTOS/Source/timers.c.obj
                0x080073bc                xTimerCreateTimerTask
 .text.xTimerGenericCommand
                0x08007450       0x9c CMakeFiles/shell.dir/Middlewares/Third_Party/FreeRTOS/Source/timers.c.obj
                0x08007450                xTimerGenericCommand
 .text.prvProcessExpiredTimer
                0x080074ec       0x84 CMakeFiles/shell.dir/Middlewares/Third_Party/FreeRTOS/Source/timers.c.obj
 .text.prvTimerTask
                0x08007570       0x26 CMakeFiles/shell.dir/Middlewares/Third_Party/FreeRTOS/Source/timers.c.obj
 *fill*         0x08007596        0x2 
 .text.prvProcessTimerOrBlockTask
                0x08007598       0x9c CMakeFiles/shell.dir/Middlewares/Third_Party/FreeRTOS/Source/timers.c.obj
 .text.prvGetNextExpireTime
                0x08007634       0x48 CMakeFiles/shell.dir/Middlewares/Third_Party/FreeRTOS/Source/timers.c.obj
 .text.prvSampleTimeNow
                0x0800767c       0x40 CMakeFiles/shell.dir/Middlewares/Third_Party/FreeRTOS/Source/timers.c.obj
 .text.prvInsertTimerInActiveList
                0x080076bc       0x84 CMakeFiles/shell.dir/Middlewares/Third_Party/FreeRTOS/Source/timers.c.obj
 .text.prvProcessReceivedCommands
                0x08007740      0x178 CMakeFiles/shell.dir/Middlewares/Third_Party/FreeRTOS/Source/timers.c.obj
 .text.prvSwitchTimerLists
                0x080078b8       0xc4 CMakeFiles/shell.dir/Middlewares/Third_Party/FreeRTOS/Source/timers.c.obj
 .text.prvCheckForValidListAndQueue
                0x0800797c       0x80 CMakeFiles/shell.dir/Middlewares/Third_Party/FreeRTOS/Source/timers.c.obj
 .text.osKernelInitialize
                0x080079fc       0x64 CMakeFiles/shell.dir/Middlewares/Third_Party/FreeRTOS/Source/CMSIS_RTOS_V2/cmsis_os2.c.obj
                0x080079fc                osKernelInitialize
 .text.osKernelStart
                0x08007a60       0x68 CMakeFiles/shell.dir/Middlewares/Third_Party/FreeRTOS/Source/CMSIS_RTOS_V2/cmsis_os2.c.obj
                0x08007a60                osKernelStart
 .text.osThreadNew
                0x08007ac8      0x154 CMakeFiles/shell.dir/Middlewares/Third_Party/FreeRTOS/Source/CMSIS_RTOS_V2/cmsis_os2.c.obj
                0x08007ac8                osThreadNew
 .text.osDelay  0x08007c1c       0x5c CMakeFiles/shell.dir/Middlewares/Third_Party/FreeRTOS/Source/CMSIS_RTOS_V2/cmsis_os2.c.obj
                0x08007c1c                osDelay
 .text.vApplicationGetIdleTaskMemory
                0x08007c78       0x30 CMakeFiles/shell.dir/Middlewares/Third_Party/FreeRTOS/Source/CMSIS_RTOS_V2/cmsis_os2.c.obj
                0x08007c78                vApplicationGetIdleTaskMemory
 .text.vApplicationGetTimerTaskMemory
                0x08007ca8       0x34 CMakeFiles/shell.dir/Middlewares/Third_Party/FreeRTOS/Source/CMSIS_RTOS_V2/cmsis_os2.c.obj
                0x08007ca8                vApplicationGetTimerTaskMemory
 .text.pvPortMalloc
                0x08007cdc      0x190 CMakeFiles/shell.dir/Middlewares/Third_Party/FreeRTOS/Source/portable/MemMang/heap_4.c.obj
                0x08007cdc                pvPortMalloc
 .text.vPortFree
                0x08007e6c       0xb8 CMakeFiles/shell.dir/Middlewares/Third_Party/FreeRTOS/Source/portable/MemMang/heap_4.c.obj
                0x08007e6c                vPortFree
 .text.prvHeapInit
                0x08007f24       0xc4 CMakeFiles/shell.dir/Middlewares/Third_Party/FreeRTOS/Source/portable/MemMang/heap_4.c.obj
 .text.prvInsertBlockIntoFreeList
                0x08007fe8       0xb0 CMakeFiles/shell.dir/Middlewares/Third_Party/FreeRTOS/Source/portable/MemMang/heap_4.c.obj
 .text.pxPortInitialiseStack
                0x08008098       0x58 CMakeFiles/shell.dir/Middlewares/Third_Party/FreeRTOS/Source/portable/GCC/ARM_CM3/port.c.obj
                0x08008098                pxPortInitialiseStack
 .text.prvTaskExitError
                0x080080f0       0x58 CMakeFiles/shell.dir/Middlewares/Third_Party/FreeRTOS/Source/portable/GCC/ARM_CM3/port.c.obj
 *fill*         0x08008148        0x8 
 .text.SVC_Handler
                0x08008150       0x28 CMakeFiles/shell.dir/Middlewares/Third_Party/FreeRTOS/Source/portable/GCC/ARM_CM3/port.c.obj
                0x08008150                SVC_Handler
 .text.prvPortStartFirstTask
                0x08008178       0x20 CMakeFiles/shell.dir/Middlewares/Third_Party/FreeRTOS/Source/portable/GCC/ARM_CM3/port.c.obj
 .text.xPortStartScheduler
                0x08008198       0xe4 CMakeFiles/shell.dir/Middlewares/Third_Party/FreeRTOS/Source/portable/GCC/ARM_CM3/port.c.obj
                0x08008198                xPortStartScheduler
 .text.vPortEnterCritical
                0x0800827c       0x60 CMakeFiles/shell.dir/Middlewares/Third_Party/FreeRTOS/Source/portable/GCC/ARM_CM3/port.c.obj
                0x0800827c                vPortEnterCritical
 .text.vPortExitCritical
                0x080082dc       0x54 CMakeFiles/shell.dir/Middlewares/Third_Party/FreeRTOS/Source/portable/GCC/ARM_CM3/port.c.obj
                0x080082dc                vPortExitCritical
 .text.PendSV_Handler
                0x08008330       0x48 CMakeFiles/shell.dir/Middlewares/Third_Party/FreeRTOS/Source/portable/GCC/ARM_CM3/port.c.obj
                0x08008330                PendSV_Handler
 .text.SysTick_Handler
                0x08008378       0x44 CMakeFiles/shell.dir/Middlewares/Third_Party/FreeRTOS/Source/portable/GCC/ARM_CM3/port.c.obj
                0x08008378                SysTick_Handler
 .text.vPortSetupTimerInterrupt
                0x080083bc       0x44 CMakeFiles/shell.dir/Middlewares/Third_Party/FreeRTOS/Source/portable/GCC/ARM_CM3/port.c.obj
                0x080083bc                vPortSetupTimerInterrupt
 .text.vPortValidateInterruptPriority
                0x08008400       0x80 CMakeFiles/shell.dir/Middlewares/Third_Party/FreeRTOS/Source/portable/GCC/ARM_CM3/port.c.obj
                0x08008400                vPortValidateInterruptPriority
 .text.Reset_Handler
                0x08008480       0x48 CMakeFiles/shell.dir/startup_stm32f103xe.s.obj
                0x08008480                Reset_Handler
 .text.Default_Handler
                0x080084c8        0x2 CMakeFiles/shell.dir/startup_stm32f103xe.s.obj
                0x080084c8                RTC_Alarm_IRQHandler
                0x080084c8                EXTI2_IRQHandler
                0x080084c8                TIM8_TRG_COM_IRQHandler
                0x080084c8                TIM8_CC_IRQHandler
                0x080084c8                TIM1_CC_IRQHandler
                0x080084c8                PVD_IRQHandler
                0x080084c8                SDIO_IRQHandler
                0x080084c8                EXTI3_IRQHandler
                0x080084c8                EXTI0_IRQHandler
                0x080084c8                I2C2_EV_IRQHandler
                0x080084c8                ADC1_2_IRQHandler
                0x080084c8                SPI1_IRQHandler
                0x080084c8                TAMPER_IRQHandler
                0x080084c8                TIM8_UP_IRQHandler
                0x080084c8                DMA2_Channel2_IRQHandler
                0x080084c8                DMA1_Channel4_IRQHandler
                0x080084c8                USART3_IRQHandler
                0x080084c8                RTC_IRQHandler
                0x080084c8                DMA1_Channel7_IRQHandler
                0x080084c8                CAN1_RX1_IRQHandler
                0x080084c8                UART5_IRQHandler
                0x080084c8                ADC3_IRQHandler
                0x080084c8                TIM4_IRQHandler
                0x080084c8                DMA2_Channel1_IRQHandler
                0x080084c8                I2C1_EV_IRQHandler
                0x080084c8                DMA1_Channel6_IRQHandler
                0x080084c8                UART4_IRQHandler
                0x080084c8                TIM3_IRQHandler
                0x080084c8                RCC_IRQHandler
                0x080084c8                TIM1_TRG_COM_IRQHandler
                0x080084c8                DMA1_Channel1_IRQHandler
                0x080084c8                Default_Handler
                0x080084c8                EXTI15_10_IRQHandler
                0x080084c8                TIM7_IRQHandler
                0x080084c8                TIM5_IRQHandler
                0x080084c8                EXTI9_5_IRQHandler
                0x080084c8                SPI2_IRQHandler
                0x080084c8                DMA1_Channel5_IRQHandler
                0x080084c8                EXTI4_IRQHandler
                0x080084c8                USB_LP_CAN1_RX0_IRQHandler
                0x080084c8                USB_HP_CAN1_TX_IRQHandler
                0x080084c8                DMA1_Channel3_IRQHandler
                0x080084c8                FSMC_IRQHandler
                0x080084c8                TIM1_UP_IRQHandler
                0x080084c8                WWDG_IRQHandler
                0x080084c8                TIM2_IRQHandler
                0x080084c8                TIM1_BRK_IRQHandler
                0x080084c8                EXTI1_IRQHandler
                0x080084c8                DMA2_Channel4_5_IRQHandler
                0x080084c8                I2C2_ER_IRQHandler
                0x080084c8                DMA1_Channel2_IRQHandler
                0x080084c8                TIM8_BRK_IRQHandler
                0x080084c8                CAN1_SCE_IRQHandler
                0x080084c8                FLASH_IRQHandler
                0x080084c8                USART1_IRQHandler
                0x080084c8                SPI3_IRQHandler
                0x080084c8                I2C1_ER_IRQHandler
                0x080084c8                USBWakeUp_IRQHandler
                0x080084c8                DMA2_Channel3_IRQHandler
 .text.strncmp  0x080084ca       0x24 C:/Users/zjh/scoop/apps/gcc-arm-none-eabi/current/bin/../lib/gcc/arm-none-eabi/13.3.1/thumb/v7-m/nofp\libg_nano.a(libc_a-strncmp.o)
                0x080084ca                strncmp
 .text.memcpy   0x080084ee       0x1c C:/Users/zjh/scoop/apps/gcc-arm-none-eabi/current/bin/../lib/gcc/arm-none-eabi/13.3.1/thumb/v7-m/nofp\libg_nano.a(libc_a-memcpy-stub.o)
                0x080084ee                memcpy
 *(.glue_7)
 .glue_7        0x0800850a        0x0 linker stubs
 *(.glue_7t)
 .glue_7t       0x0800850a        0x0 linker stubs
 *(.eh_frame)
 *fill*         0x0800850a        0x2 
 .eh_frame      0x0800850c        0x0 C:/Users/zjh/scoop/apps/gcc-arm-none-eabi/current/bin/../lib/gcc/arm-none-eabi/13.3.1/thumb/v7-m/nofp/crtbegin.o
 *(.init)
 .init          0x0800850c        0x4 C:/Users/zjh/scoop/apps/gcc-arm-none-eabi/current/bin/../lib/gcc/arm-none-eabi/13.3.1/thumb/v7-m/nofp/crti.o
                0x0800850c                _init
 .init          0x08008510        0x8 C:/Users/zjh/scoop/apps/gcc-arm-none-eabi/current/bin/../lib/gcc/arm-none-eabi/13.3.1/thumb/v7-m/nofp/crtn.o
 *(.fini)
 .fini          0x08008518        0x4 C:/Users/zjh/scoop/apps/gcc-arm-none-eabi/current/bin/../lib/gcc/arm-none-eabi/13.3.1/thumb/v7-m/nofp/crti.o
                0x08008518                _fini
 .fini          0x0800851c        0x8 C:/Users/zjh/scoop/apps/gcc-arm-none-eabi/current/bin/../lib/gcc/arm-none-eabi/13.3.1/thumb/v7-m/nofp/crtn.o
                0x08008524                        . = ALIGN (0x4)
                0x08008524                        _etext = .

.vfp11_veneer   0x08008524        0x0
 .vfp11_veneer  0x08008524        0x0 linker stubs

.v4_bx          0x08008524        0x0
 .v4_bx         0x08008524        0x0 linker stubs

.iplt           0x08008524        0x0
 .iplt          0x08008524        0x0 C:/Users/zjh/scoop/apps/gcc-arm-none-eabi/current/bin/../lib/gcc/arm-none-eabi/13.3.1/thumb/v7-m/nofp/crtbegin.o

.rodata         0x08008524      0x5e0
                0x08008524                        . = ALIGN (0x4)
 *(.rodata)
 .rodata        0x08008524      0x2f9 CMakeFiles/shell.dir/Core/lettershell/src/shell.c.obj
 *fill*         0x0800881d        0x3 
 .rodata        0x08008820       0x1c CMakeFiles/shell.dir/Core/Src/freertos.c.obj
 .rodata        0x0800883c        0x5 CMakeFiles/shell.dir/Middlewares/Third_Party/FreeRTOS/Source/tasks.c.obj
 *fill*         0x08008841        0x3 
 .rodata        0x08008844        0xd CMakeFiles/shell.dir/Middlewares/Third_Party/FreeRTOS/Source/timers.c.obj
 *(.rodata*)
 *fill*         0x08008851        0x3 
 .rodata.shellCmdDefaultUser
                0x08008854        0x7 CMakeFiles/shell.dir/Core/lettershell/src/shell.c.obj
                0x08008854                shellCmdDefaultUser
 *fill*         0x0800885b        0x1 
 .rodata.shellPasswordDefaultUser
                0x0800885c        0x1 CMakeFiles/shell.dir/Core/lettershell/src/shell.c.obj
                0x0800885c                shellPasswordDefaultUser
 *fill*         0x0800885d        0x3 
 .rodata.shellDesDefaultUser
                0x08008860        0xd CMakeFiles/shell.dir/Core/lettershell/src/shell.c.obj
                0x08008860                shellDesDefaultUser
 *fill*         0x0800886d        0x3 
 .rodata.shellCmdsetVar
                0x08008870        0x7 CMakeFiles/shell.dir/Core/lettershell/src/shell.c.obj
                0x08008870                shellCmdsetVar
 *fill*         0x08008877        0x1 
 .rodata.shellDescsetVar
                0x08008878        0x8 CMakeFiles/shell.dir/Core/lettershell/src/shell.c.obj
                0x08008878                shellDescsetVar
 .rodata.shellDesc0x1B5B4100
                0x08008880        0x3 CMakeFiles/shell.dir/Core/lettershell/src/shell.c.obj
                0x08008880                shellDesc0x1B5B4100
 *fill*         0x08008883        0x1 
 .rodata.shellDesc0x1B5B4200
                0x08008884        0x5 CMakeFiles/shell.dir/Core/lettershell/src/shell.c.obj
                0x08008884                shellDesc0x1B5B4200
 *fill*         0x08008889        0x3 
 .rodata.shellDesc0x1B5B4300
                0x0800888c        0x6 CMakeFiles/shell.dir/Core/lettershell/src/shell.c.obj
                0x0800888c                shellDesc0x1B5B4300
 *fill*         0x08008892        0x2 
 .rodata.shellDesc0x1B5B4400
                0x08008894        0x5 CMakeFiles/shell.dir/Core/lettershell/src/shell.c.obj
                0x08008894                shellDesc0x1B5B4400
 *fill*         0x08008899        0x3 
 .rodata.shellDesc0x09000000
                0x0800889c        0x4 CMakeFiles/shell.dir/Core/lettershell/src/shell.c.obj
                0x0800889c                shellDesc0x09000000
 .rodata.shellDesc0x08000000
                0x080088a0        0xa CMakeFiles/shell.dir/Core/lettershell/src/shell.c.obj
                0x080088a0                shellDesc0x08000000
 *fill*         0x080088aa        0x2 
 .rodata.shellDesc0x7F000000
                0x080088ac        0xa CMakeFiles/shell.dir/Core/lettershell/src/shell.c.obj
                0x080088ac                shellDesc0x7F000000
 *fill*         0x080088b6        0x2 
 .rodata.shellDesc0x1B5B337E
                0x080088b8        0x7 CMakeFiles/shell.dir/Core/lettershell/src/shell.c.obj
                0x080088b8                shellDesc0x1B5B337E
 *fill*         0x080088bf        0x1 
 .rodata.shellDesc0x0A000000
                0x080088c0        0x6 CMakeFiles/shell.dir/Core/lettershell/src/shell.c.obj
                0x080088c0                shellDesc0x0A000000
 *fill*         0x080088c6        0x2 
 .rodata.shellDesc0x0D000000
                0x080088c8        0x6 CMakeFiles/shell.dir/Core/lettershell/src/shell.c.obj
                0x080088c8                shellDesc0x0D000000
 *fill*         0x080088ce        0x2 
 .rodata.shellCmdhelp
                0x080088d0        0x5 CMakeFiles/shell.dir/Core/lettershell/src/shell.c.obj
                0x080088d0                shellCmdhelp
 *fill*         0x080088d5        0x3 
 .rodata.shellDeschelp
                0x080088d8       0x1e CMakeFiles/shell.dir/Core/lettershell/src/shell.c.obj
                0x080088d8                shellDeschelp
 *fill*         0x080088f6        0x2 
 .rodata.shellCmdusers
                0x080088f8        0x6 CMakeFiles/shell.dir/Core/lettershell/src/shell.c.obj
                0x080088f8                shellCmdusers
 *fill*         0x080088fe        0x2 
 .rodata.shellDescusers
                0x08008900        0xe CMakeFiles/shell.dir/Core/lettershell/src/shell.c.obj
                0x08008900                shellDescusers
 *fill*         0x0800890e        0x2 
 .rodata.shellCmdcmds
                0x08008910        0x5 CMakeFiles/shell.dir/Core/lettershell/src/shell.c.obj
                0x08008910                shellCmdcmds
 *fill*         0x08008915        0x3 
 .rodata.shellDesccmds
                0x08008918        0xd CMakeFiles/shell.dir/Core/lettershell/src/shell.c.obj
                0x08008918                shellDesccmds
 *fill*         0x08008925        0x3 
 .rodata.shellCmdvars
                0x08008928        0x5 CMakeFiles/shell.dir/Core/lettershell/src/shell.c.obj
                0x08008928                shellCmdvars
 *fill*         0x0800892d        0x3 
 .rodata.shellDescvars
                0x08008930        0xd CMakeFiles/shell.dir/Core/lettershell/src/shell.c.obj
                0x08008930                shellDescvars
 *fill*         0x0800893d        0x3 
 .rodata.shellCmdkeys
                0x08008940        0x5 CMakeFiles/shell.dir/Core/lettershell/src/shell.c.obj
                0x08008940                shellCmdkeys
 *fill*         0x08008945        0x3 
 .rodata.shellDesckeys
                0x08008948        0xd CMakeFiles/shell.dir/Core/lettershell/src/shell.c.obj
                0x08008948                shellDesckeys
 *fill*         0x08008955        0x3 
 .rodata.shellCmdclear
                0x08008958        0x6 CMakeFiles/shell.dir/Core/lettershell/src/shell.c.obj
                0x08008958                shellCmdclear
 *fill*         0x0800895e        0x2 
 .rodata.shellDescclear
                0x08008960        0xe CMakeFiles/shell.dir/Core/lettershell/src/shell.c.obj
                0x08008960                shellDescclear
 *fill*         0x0800896e        0x2 
 .rodata.defaultTask_attributes
                0x08008970       0x24 CMakeFiles/shell.dir/Core/Src/freertos.c.obj
                0x08008970                defaultTask_attributes
 .rodata.lettershellTask_attributes
                0x08008994       0x24 CMakeFiles/shell.dir/Core/Src/freertos.c.obj
                0x08008994                lettershellTask_attributes
 .rodata.aPLLMULFactorTable.1
                0x080089b8       0x10 CMakeFiles/shell.dir/Drivers/STM32F1xx_HAL_Driver/Src/stm32f1xx_hal_rcc.c.obj
 .rodata.aPredivFactorTable.0
                0x080089c8        0x2 CMakeFiles/shell.dir/Drivers/STM32F1xx_HAL_Driver/Src/stm32f1xx_hal_rcc.c.obj
 *fill*         0x080089ca        0x2 
 .rodata.AHBPrescTable
                0x080089cc       0x10 CMakeFiles/shell.dir/Core/Src/system_stm32f1xx.c.obj
                0x080089cc                AHBPrescTable
 .rodata.APBPrescTable
                0x080089dc        0x8 CMakeFiles/shell.dir/Core/Src/system_stm32f1xx.c.obj
                0x080089dc                APBPrescTable
                0x080089e4                        . = ALIGN (0x4)
                0x080089e4                        . = ALIGN (0x4)
                0x080089e4                        _shell_command_start = .
 *(shellCommand)
 shellCommand   0x080089e4      0x120 CMakeFiles/shell.dir/Core/lettershell/src/shell.c.obj
                0x080089e4                shellUserDefault
                0x080089f4                shellCommandsetVar
                0x08008a04                shellKey0x1B5B4100
                0x08008a14                shellKey0x1B5B4200
                0x08008a24                shellKey0x1B5B4300
                0x08008a34                shellKey0x1B5B4400
                0x08008a44                shellKey0x09000000
                0x08008a54                shellKey0x08000000
                0x08008a64                shellKey0x7F000000
                0x08008a74                shellKey0x1B5B337E
                0x08008a84                shellKey0x0A000000
                0x08008a94                shellKey0x0D000000
                0x08008aa4                shellCommandhelp
                0x08008ab4                shellCommandusers
                0x08008ac4                shellCommandcmds
                0x08008ad4                shellCommandvars
                0x08008ae4                shellCommandkeys
                0x08008af4                shellCommandclear
                0x08008b04                        _shell_command_end = .
                0x08008b04                        . = ALIGN (0x4)

.ARM.extab
 *(.ARM.extab* .gnu.linkonce.armextab.*)

.ARM            0x08008b04        0x8
                0x08008b04                        __exidx_start = .
 *(.ARM.exidx*)
 .ARM.exidx     0x08008b04        0x8 C:/Users/zjh/scoop/apps/gcc-arm-none-eabi/current/bin/../lib/gcc/arm-none-eabi/13.3.1/thumb/v7-m/nofp\libg_nano.a(libc_a-strcmp.o)
 .ARM.exidx     0x08008b0c        0x0 C:/Users/zjh/scoop/apps/gcc-arm-none-eabi/current/bin/../lib/gcc/arm-none-eabi/13.3.1/thumb/v7-m/nofp\libg_nano.a(libc_a-strlen.o)
                                  0x8 (size before relaxing)
                0x08008b0c                        __exidx_end = .

.rel.dyn        0x08008b0c        0x0
 .rel.iplt      0x08008b0c        0x0 C:/Users/zjh/scoop/apps/gcc-arm-none-eabi/current/bin/../lib/gcc/arm-none-eabi/13.3.1/thumb/v7-m/nofp/crtbegin.o

.preinit_array  0x08008b0c        0x0
                0x08008b0c                        PROVIDE (__preinit_array_start = .)
 *(.preinit_array*)
                0x08008b0c                        PROVIDE (__preinit_array_end = .)

.init_array     0x08008b0c        0x4
                0x08008b0c                        PROVIDE (__init_array_start = .)
 *(SORT_BY_NAME(.init_array.*))
 *(.init_array*)
 .init_array    0x08008b0c        0x4 C:/Users/zjh/scoop/apps/gcc-arm-none-eabi/current/bin/../lib/gcc/arm-none-eabi/13.3.1/thumb/v7-m/nofp/crtbegin.o
                0x08008b10                        PROVIDE (__init_array_end = .)

.fini_array     0x08008b10        0x4
                [!provide]                        PROVIDE (__fini_array_start = .)
 *(SORT_BY_NAME(.fini_array.*))
 *(.fini_array*)
 .fini_array    0x08008b10        0x4 C:/Users/zjh/scoop/apps/gcc-arm-none-eabi/current/bin/../lib/gcc/arm-none-eabi/13.3.1/thumb/v7-m/nofp/crtbegin.o
                [!provide]                        PROVIDE (__fini_array_end = .)
                0x08008b14                        _sidata = LOADADDR (.data)

.data           0x20000000       0x64 load address 0x08008b14
                0x20000000                        . = ALIGN (0x4)
                0x20000000                        _sdata = .
 *(.data)
 *(.data*)
 .data.shellText
                0x20000000       0x54 CMakeFiles/shell.dir/Core/lettershell/src/shell.c.obj
 .data.uwTickPrio
                0x20000054        0x4 CMakeFiles/shell.dir/Drivers/STM32F1xx_HAL_Driver/Src/stm32f1xx_hal.c.obj
                0x20000054                uwTickPrio
 .data.uwTickFreq
                0x20000058        0x1 CMakeFiles/shell.dir/Drivers/STM32F1xx_HAL_Driver/Src/stm32f1xx_hal.c.obj
                0x20000058                uwTickFreq
 *fill*         0x20000059        0x3 
 .data.SystemCoreClock
                0x2000005c        0x4 CMakeFiles/shell.dir/Core/Src/system_stm32f1xx.c.obj
                0x2000005c                SystemCoreClock
 .data.uxCriticalNesting
                0x20000060        0x4 CMakeFiles/shell.dir/Middlewares/Third_Party/FreeRTOS/Source/portable/GCC/ARM_CM3/port.c.obj
                0x20000064                        . = ALIGN (0x4)
                0x20000064                        _edata = .

.tm_clone_table
                0x20000064        0x0 load address 0x08008b78
 .tm_clone_table
                0x20000064        0x0 C:/Users/zjh/scoop/apps/gcc-arm-none-eabi/current/bin/../lib/gcc/arm-none-eabi/13.3.1/thumb/v7-m/nofp/crtbegin.o
 .tm_clone_table
                0x20000064        0x0 C:/Users/zjh/scoop/apps/gcc-arm-none-eabi/current/bin/../lib/gcc/arm-none-eabi/13.3.1/thumb/v7-m/nofp/crtend.o

.igot.plt       0x20000064        0x0 load address 0x08008b78
 .igot.plt      0x20000064        0x0 C:/Users/zjh/scoop/apps/gcc-arm-none-eabi/current/bin/../lib/gcc/arm-none-eabi/13.3.1/thumb/v7-m/nofp/crtbegin.o
                0x20000064                        . = ALIGN (0x4)

.bss            0x20000064     0x1ce4 load address 0x08008b78
                0x20000064                        _sbss = .
                0x20000064                        __bss_start__ = _sbss
 *(.bss)
 *(.bss*)
 .bss.completed.1
                0x20000064        0x1 C:/Users/zjh/scoop/apps/gcc-arm-none-eabi/current/bin/../lib/gcc/arm-none-eabi/13.3.1/thumb/v7-m/nofp/crtbegin.o
 *fill*         0x20000065        0x3 
 .bss.object.0  0x20000068       0x18 C:/Users/zjh/scoop/apps/gcc-arm-none-eabi/current/bin/../lib/gcc/arm-none-eabi/13.3.1/thumb/v7-m/nofp/crtbegin.o
 .bss.shellList
                0x20000080       0x14 CMakeFiles/shell.dir/Core/lettershell/src/shell.c.obj
 .bss.buffer.0  0x20000094        0x9 CMakeFiles/shell.dir/Core/lettershell/src/shell.c.obj
 *fill*         0x2000009d        0x3 
 .bss.shell     0x200000a0       0x78 CMakeFiles/shell.dir/Core/lettershell/src/shell_port.c.obj
                0x200000a0                shell
 .bss.shellBuffer
                0x20000118      0x200 CMakeFiles/shell.dir/Core/lettershell/src/shell_port.c.obj
                0x20000118                shellBuffer
 .bss.shellMutex
                0x20000318        0x4 CMakeFiles/shell.dir/Core/lettershell/src/shell_port.c.obj
 .bss.defaultTaskHandle
                0x2000031c        0x4 CMakeFiles/shell.dir/Core/Src/freertos.c.obj
                0x2000031c                defaultTaskHandle
 .bss.lettershellTaskHandle
                0x20000320        0x4 CMakeFiles/shell.dir/Core/Src/freertos.c.obj
                0x20000320                lettershellTaskHandle
 .bss.huart1    0x20000324       0x48 CMakeFiles/shell.dir/Core/Src/usart.c.obj
                0x20000324                huart1
 .bss.huart2    0x2000036c       0x48 CMakeFiles/shell.dir/Core/Src/usart.c.obj
                0x2000036c                huart2
 .bss.htim6     0x200003b4       0x48 CMakeFiles/shell.dir/Core/Src/stm32f1xx_hal_timebase_tim.c.obj
                0x200003b4                htim6
 .bss.uwTick    0x200003fc        0x4 CMakeFiles/shell.dir/Drivers/STM32F1xx_HAL_Driver/Src/stm32f1xx_hal.c.obj
                0x200003fc                uwTick
 .bss.xQueueRegistry
                0x20000400       0x40 CMakeFiles/shell.dir/Middlewares/Third_Party/FreeRTOS/Source/queue.c.obj
                0x20000400                xQueueRegistry
 .bss.pxCurrentTCB
                0x20000440        0x4 CMakeFiles/shell.dir/Middlewares/Third_Party/FreeRTOS/Source/tasks.c.obj
                0x20000440                pxCurrentTCB
 .bss.pxReadyTasksLists
                0x20000444      0x460 CMakeFiles/shell.dir/Middlewares/Third_Party/FreeRTOS/Source/tasks.c.obj
 .bss.xDelayedTaskList1
                0x200008a4       0x14 CMakeFiles/shell.dir/Middlewares/Third_Party/FreeRTOS/Source/tasks.c.obj
 .bss.xDelayedTaskList2
                0x200008b8       0x14 CMakeFiles/shell.dir/Middlewares/Third_Party/FreeRTOS/Source/tasks.c.obj
 .bss.pxDelayedTaskList
                0x200008cc        0x4 CMakeFiles/shell.dir/Middlewares/Third_Party/FreeRTOS/Source/tasks.c.obj
 .bss.pxOverflowDelayedTaskList
                0x200008d0        0x4 CMakeFiles/shell.dir/Middlewares/Third_Party/FreeRTOS/Source/tasks.c.obj
 .bss.xPendingReadyList
                0x200008d4       0x14 CMakeFiles/shell.dir/Middlewares/Third_Party/FreeRTOS/Source/tasks.c.obj
 .bss.xTasksWaitingTermination
                0x200008e8       0x14 CMakeFiles/shell.dir/Middlewares/Third_Party/FreeRTOS/Source/tasks.c.obj
 .bss.uxDeletedTasksWaitingCleanUp
                0x200008fc        0x4 CMakeFiles/shell.dir/Middlewares/Third_Party/FreeRTOS/Source/tasks.c.obj
 .bss.xSuspendedTaskList
                0x20000900       0x14 CMakeFiles/shell.dir/Middlewares/Third_Party/FreeRTOS/Source/tasks.c.obj
 .bss.uxCurrentNumberOfTasks
                0x20000914        0x4 CMakeFiles/shell.dir/Middlewares/Third_Party/FreeRTOS/Source/tasks.c.obj
 .bss.xTickCount
                0x20000918        0x4 CMakeFiles/shell.dir/Middlewares/Third_Party/FreeRTOS/Source/tasks.c.obj
 .bss.uxTopReadyPriority
                0x2000091c        0x4 CMakeFiles/shell.dir/Middlewares/Third_Party/FreeRTOS/Source/tasks.c.obj
 .bss.xSchedulerRunning
                0x20000920        0x4 CMakeFiles/shell.dir/Middlewares/Third_Party/FreeRTOS/Source/tasks.c.obj
 .bss.uxPendedTicks
                0x20000924        0x4 CMakeFiles/shell.dir/Middlewares/Third_Party/FreeRTOS/Source/tasks.c.obj
 .bss.xYieldPending
                0x20000928        0x4 CMakeFiles/shell.dir/Middlewares/Third_Party/FreeRTOS/Source/tasks.c.obj
 .bss.xNumOfOverflows
                0x2000092c        0x4 CMakeFiles/shell.dir/Middlewares/Third_Party/FreeRTOS/Source/tasks.c.obj
 .bss.uxTaskNumber
                0x20000930        0x4 CMakeFiles/shell.dir/Middlewares/Third_Party/FreeRTOS/Source/tasks.c.obj
 .bss.xNextTaskUnblockTime
                0x20000934        0x4 CMakeFiles/shell.dir/Middlewares/Third_Party/FreeRTOS/Source/tasks.c.obj
 .bss.xIdleTaskHandle
                0x20000938        0x4 CMakeFiles/shell.dir/Middlewares/Third_Party/FreeRTOS/Source/tasks.c.obj
 .bss.uxSchedulerSuspended
                0x2000093c        0x4 CMakeFiles/shell.dir/Middlewares/Third_Party/FreeRTOS/Source/tasks.c.obj
 .bss.xActiveTimerList1
                0x20000940       0x14 CMakeFiles/shell.dir/Middlewares/Third_Party/FreeRTOS/Source/timers.c.obj
 .bss.xActiveTimerList2
                0x20000954       0x14 CMakeFiles/shell.dir/Middlewares/Third_Party/FreeRTOS/Source/timers.c.obj
 .bss.pxCurrentTimerList
                0x20000968        0x4 CMakeFiles/shell.dir/Middlewares/Third_Party/FreeRTOS/Source/timers.c.obj
 .bss.pxOverflowTimerList
                0x2000096c        0x4 CMakeFiles/shell.dir/Middlewares/Third_Party/FreeRTOS/Source/timers.c.obj
 .bss.xTimerQueue
                0x20000970        0x4 CMakeFiles/shell.dir/Middlewares/Third_Party/FreeRTOS/Source/timers.c.obj
 .bss.xTimerTaskHandle
                0x20000974        0x4 CMakeFiles/shell.dir/Middlewares/Third_Party/FreeRTOS/Source/timers.c.obj
 .bss.xLastTime.2
                0x20000978        0x4 CMakeFiles/shell.dir/Middlewares/Third_Party/FreeRTOS/Source/timers.c.obj
 .bss.ucStaticTimerQueueStorage.1
                0x2000097c       0xa0 CMakeFiles/shell.dir/Middlewares/Third_Party/FreeRTOS/Source/timers.c.obj
 .bss.xStaticTimerQueue.0
                0x20000a1c       0x50 CMakeFiles/shell.dir/Middlewares/Third_Party/FreeRTOS/Source/timers.c.obj
 .bss.KernelState
                0x20000a6c        0x4 CMakeFiles/shell.dir/Middlewares/Third_Party/FreeRTOS/Source/CMSIS_RTOS_V2/cmsis_os2.c.obj
 .bss.Idle_TCB  0x20000a70       0x5c CMakeFiles/shell.dir/Middlewares/Third_Party/FreeRTOS/Source/CMSIS_RTOS_V2/cmsis_os2.c.obj
 .bss.Idle_Stack
                0x20000acc      0x200 CMakeFiles/shell.dir/Middlewares/Third_Party/FreeRTOS/Source/CMSIS_RTOS_V2/cmsis_os2.c.obj
 .bss.Timer_TCB
                0x20000ccc       0x5c CMakeFiles/shell.dir/Middlewares/Third_Party/FreeRTOS/Source/CMSIS_RTOS_V2/cmsis_os2.c.obj
 .bss.Timer_Stack
                0x20000d28      0x400 CMakeFiles/shell.dir/Middlewares/Third_Party/FreeRTOS/Source/CMSIS_RTOS_V2/cmsis_os2.c.obj
 .bss.ucHeap    0x20001128      0xc00 CMakeFiles/shell.dir/Middlewares/Third_Party/FreeRTOS/Source/portable/MemMang/heap_4.c.obj
 .bss.xStart    0x20001d28        0x8 CMakeFiles/shell.dir/Middlewares/Third_Party/FreeRTOS/Source/portable/MemMang/heap_4.c.obj
 .bss.pxEnd     0x20001d30        0x4 CMakeFiles/shell.dir/Middlewares/Third_Party/FreeRTOS/Source/portable/MemMang/heap_4.c.obj
 .bss.xFreeBytesRemaining
                0x20001d34        0x4 CMakeFiles/shell.dir/Middlewares/Third_Party/FreeRTOS/Source/portable/MemMang/heap_4.c.obj
 .bss.xMinimumEverFreeBytesRemaining
                0x20001d38        0x4 CMakeFiles/shell.dir/Middlewares/Third_Party/FreeRTOS/Source/portable/MemMang/heap_4.c.obj
 .bss.xBlockAllocatedBit
                0x20001d3c        0x4 CMakeFiles/shell.dir/Middlewares/Third_Party/FreeRTOS/Source/portable/MemMang/heap_4.c.obj
 .bss.ucMaxSysCallPriority
                0x20001d40        0x1 CMakeFiles/shell.dir/Middlewares/Third_Party/FreeRTOS/Source/portable/GCC/ARM_CM3/port.c.obj
 *fill*         0x20001d41        0x3 
 .bss.ulMaxPRIGROUPValue
                0x20001d44        0x4 CMakeFiles/shell.dir/Middlewares/Third_Party/FreeRTOS/Source/portable/GCC/ARM_CM3/port.c.obj
 *(COMMON)
                0x20001d48                        . = ALIGN (0x4)
                0x20001d48                        _ebss = .
                0x20001d48                        __bss_end__ = _ebss

._user_heap_stack
                0x20001d48      0x600 load address 0x08008b78
                0x20001d48                        . = ALIGN (0x8)
                [!provide]                        PROVIDE (end = .)
                0x20001d48                        PROVIDE (_end = .)
                0x20001f48                        . = (. + _Min_Heap_Size)
 *fill*         0x20001d48      0x200 
                0x20002348                        . = (. + _Min_Stack_Size)
 *fill*         0x20001f48      0x400 
                0x20002348                        . = ALIGN (0x8)

/DISCARD/
 libc.a(*)
 libm.a(*)
 libgcc.a(*)

.ARM.attributes
                0x00000000       0x29
 *(.ARM.attributes)
 .ARM.attributes
                0x00000000       0x1d C:/Users/zjh/scoop/apps/gcc-arm-none-eabi/current/bin/../lib/gcc/arm-none-eabi/13.3.1/thumb/v7-m/nofp/crti.o
 .ARM.attributes
                0x0000001d       0x2d C:/Users/zjh/scoop/apps/gcc-arm-none-eabi/current/bin/../lib/gcc/arm-none-eabi/13.3.1/thumb/v7-m/nofp/crtbegin.o
 .ARM.attributes
                0x0000004a       0x2d C:/Users/zjh/scoop/apps/gcc-arm-none-eabi/current/bin/../lib/gcc/arm-none-eabi/13.3.1/thumb/v7-m/nofp\libc_nano.a(libc_a-memset.o)
 .ARM.attributes
                0x00000077       0x2d C:/Users/zjh/scoop/apps/gcc-arm-none-eabi/current/bin/../lib/gcc/arm-none-eabi/13.3.1/thumb/v7-m/nofp\libc_nano.a(libc_a-init.o)
 .ARM.attributes
                0x000000a4       0x2d CMakeFiles/shell.dir/Core/lettershell/src/shell.c.obj
 .ARM.attributes
                0x000000d1       0x2d CMakeFiles/shell.dir/Core/lettershell/src/shell_ext.c.obj
 .ARM.attributes
                0x000000fe       0x2d CMakeFiles/shell.dir/Core/lettershell/src/shell_port.c.obj
 .ARM.attributes
                0x0000012b       0x2d CMakeFiles/shell.dir/Core/Src/main.c.obj
 .ARM.attributes
                0x00000158       0x2d CMakeFiles/shell.dir/Core/Src/gpio.c.obj
 .ARM.attributes
                0x00000185       0x2d CMakeFiles/shell.dir/Core/Src/freertos.c.obj
 .ARM.attributes
                0x000001b2       0x2d CMakeFiles/shell.dir/Core/Src/usart.c.obj
 .ARM.attributes
                0x000001df       0x2d CMakeFiles/shell.dir/Core/Src/stm32f1xx_it.c.obj
 .ARM.attributes
                0x0000020c       0x2d CMakeFiles/shell.dir/Core/Src/stm32f1xx_hal_msp.c.obj
 .ARM.attributes
                0x00000239       0x2d CMakeFiles/shell.dir/Core/Src/stm32f1xx_hal_timebase_tim.c.obj
 .ARM.attributes
                0x00000266       0x2d CMakeFiles/shell.dir/Drivers/STM32F1xx_HAL_Driver/Src/stm32f1xx_hal.c.obj
 .ARM.attributes
                0x00000293       0x2d CMakeFiles/shell.dir/Drivers/STM32F1xx_HAL_Driver/Src/stm32f1xx_hal_rcc.c.obj
 .ARM.attributes
                0x000002c0       0x2d CMakeFiles/shell.dir/Drivers/STM32F1xx_HAL_Driver/Src/stm32f1xx_hal_gpio.c.obj
 .ARM.attributes
                0x000002ed       0x2d CMakeFiles/shell.dir/Drivers/STM32F1xx_HAL_Driver/Src/stm32f1xx_hal_dma.c.obj
 .ARM.attributes
                0x0000031a       0x2d CMakeFiles/shell.dir/Drivers/STM32F1xx_HAL_Driver/Src/stm32f1xx_hal_cortex.c.obj
 .ARM.attributes
                0x00000347       0x2d CMakeFiles/shell.dir/Drivers/STM32F1xx_HAL_Driver/Src/stm32f1xx_hal_tim.c.obj
 .ARM.attributes
                0x00000374       0x2d CMakeFiles/shell.dir/Drivers/STM32F1xx_HAL_Driver/Src/stm32f1xx_hal_tim_ex.c.obj
 .ARM.attributes
                0x000003a1       0x2d CMakeFiles/shell.dir/Drivers/STM32F1xx_HAL_Driver/Src/stm32f1xx_hal_uart.c.obj
 .ARM.attributes
                0x000003ce       0x2d CMakeFiles/shell.dir/Core/Src/system_stm32f1xx.c.obj
 .ARM.attributes
                0x000003fb       0x2d CMakeFiles/shell.dir/Middlewares/Third_Party/FreeRTOS/Source/list.c.obj
 .ARM.attributes
                0x00000428       0x2d CMakeFiles/shell.dir/Middlewares/Third_Party/FreeRTOS/Source/queue.c.obj
 .ARM.attributes
                0x00000455       0x2d CMakeFiles/shell.dir/Middlewares/Third_Party/FreeRTOS/Source/tasks.c.obj
 .ARM.attributes
                0x00000482       0x2d CMakeFiles/shell.dir/Middlewares/Third_Party/FreeRTOS/Source/timers.c.obj
 .ARM.attributes
                0x000004af       0x2d CMakeFiles/shell.dir/Middlewares/Third_Party/FreeRTOS/Source/CMSIS_RTOS_V2/cmsis_os2.c.obj
 .ARM.attributes
                0x000004dc       0x2d CMakeFiles/shell.dir/Middlewares/Third_Party/FreeRTOS/Source/portable/MemMang/heap_4.c.obj
 .ARM.attributes
                0x00000509       0x2d CMakeFiles/shell.dir/Middlewares/Third_Party/FreeRTOS/Source/portable/GCC/ARM_CM3/port.c.obj
 .ARM.attributes
                0x00000536       0x21 CMakeFiles/shell.dir/startup_stm32f103xe.s.obj
 .ARM.attributes
                0x00000557       0x1d C:/Users/zjh/scoop/apps/gcc-arm-none-eabi/current/bin/../lib/gcc/arm-none-eabi/13.3.1/thumb/v7-m/nofp\libgcc.a(_arm_addsubsf3.o)
 .ARM.attributes
                0x00000574       0x1d C:/Users/zjh/scoop/apps/gcc-arm-none-eabi/current/bin/../lib/gcc/arm-none-eabi/13.3.1/thumb/v7-m/nofp\libgcc.a(_arm_muldivsf3.o)
 .ARM.attributes
                0x00000591       0x2d C:/Users/zjh/scoop/apps/gcc-arm-none-eabi/current/bin/../lib/gcc/arm-none-eabi/13.3.1/thumb/v7-m/nofp\libg_nano.a(libc_a-strncmp.o)
 .ARM.attributes
                0x000005be       0x1b C:/Users/zjh/scoop/apps/gcc-arm-none-eabi/current/bin/../lib/gcc/arm-none-eabi/13.3.1/thumb/v7-m/nofp\libg_nano.a(libc_a-strcmp.o)
 .ARM.attributes
                0x000005d9       0x2d C:/Users/zjh/scoop/apps/gcc-arm-none-eabi/current/bin/../lib/gcc/arm-none-eabi/13.3.1/thumb/v7-m/nofp\libg_nano.a(libc_a-memcpy-stub.o)
 .ARM.attributes
                0x00000606       0x17 C:/Users/zjh/scoop/apps/gcc-arm-none-eabi/current/bin/../lib/gcc/arm-none-eabi/13.3.1/thumb/v7-m/nofp\libg_nano.a(libc_a-strlen.o)
 .ARM.attributes
                0x0000061d       0x2d C:/Users/zjh/scoop/apps/gcc-arm-none-eabi/current/bin/../lib/gcc/arm-none-eabi/13.3.1/thumb/v7-m/nofp/crtend.o
 .ARM.attributes
                0x0000064a       0x1d C:/Users/zjh/scoop/apps/gcc-arm-none-eabi/current/bin/../lib/gcc/arm-none-eabi/13.3.1/thumb/v7-m/nofp/crtn.o
OUTPUT(shell.elf elf32-littlearm)
LOAD linker stubs
LOAD C:/Users/zjh/scoop/apps/gcc-arm-none-eabi/current/bin/../lib/gcc/arm-none-eabi/13.3.1/thumb/v7-m/nofp\libc.a
LOAD C:/Users/zjh/scoop/apps/gcc-arm-none-eabi/current/bin/../lib/gcc/arm-none-eabi/13.3.1/thumb/v7-m/nofp\libm.a
LOAD C:/Users/zjh/scoop/apps/gcc-arm-none-eabi/current/bin/../lib/gcc/arm-none-eabi/13.3.1/thumb/v7-m/nofp\libgcc.a

.debug_frame    0x00000000     0x5d70
 .debug_frame   0x00000000       0x20 C:/Users/zjh/scoop/apps/gcc-arm-none-eabi/current/bin/../lib/gcc/arm-none-eabi/13.3.1/thumb/v7-m/nofp\libc_nano.a(libc_a-memset.o)
 .debug_frame   0x00000020       0x2c C:/Users/zjh/scoop/apps/gcc-arm-none-eabi/current/bin/../lib/gcc/arm-none-eabi/13.3.1/thumb/v7-m/nofp\libc_nano.a(libc_a-init.o)
 .debug_frame   0x0000004c      0x8fc CMakeFiles/shell.dir/Core/lettershell/src/shell.c.obj
 .debug_frame   0x00000948      0x14c CMakeFiles/shell.dir/Core/lettershell/src/shell_ext.c.obj
 .debug_frame   0x00000a94       0xbc CMakeFiles/shell.dir/Core/lettershell/src/shell_port.c.obj
 .debug_frame   0x00000b50       0xd4 CMakeFiles/shell.dir/Core/Src/main.c.obj
 .debug_frame   0x00000c24       0x38 CMakeFiles/shell.dir/Core/Src/gpio.c.obj
 .debug_frame   0x00000c5c       0x6c CMakeFiles/shell.dir/Core/Src/freertos.c.obj
 .debug_frame   0x00000cc8       0x90 CMakeFiles/shell.dir/Core/Src/usart.c.obj
 .debug_frame   0x00000d58       0xe0 CMakeFiles/shell.dir/Core/Src/stm32f1xx_it.c.obj
 .debug_frame   0x00000e38       0x34 CMakeFiles/shell.dir/Core/Src/stm32f1xx_hal_msp.c.obj
 .debug_frame   0x00000e6c       0x74 CMakeFiles/shell.dir/Core/Src/stm32f1xx_hal_timebase_tim.c.obj
 .debug_frame   0x00000ee0      0x334 CMakeFiles/shell.dir/Drivers/STM32F1xx_HAL_Driver/Src/stm32f1xx_hal.c.obj
 .debug_frame   0x00001214      0x218 CMakeFiles/shell.dir/Drivers/STM32F1xx_HAL_Driver/Src/stm32f1xx_hal_rcc.c.obj
 .debug_frame   0x0000142c      0x14c CMakeFiles/shell.dir/Drivers/STM32F1xx_HAL_Driver/Src/stm32f1xx_hal_gpio.c.obj
 .debug_frame   0x00001578      0x20c CMakeFiles/shell.dir/Drivers/STM32F1xx_HAL_Driver/Src/stm32f1xx_hal_dma.c.obj
 .debug_frame   0x00001784      0x428 CMakeFiles/shell.dir/Drivers/STM32F1xx_HAL_Driver/Src/stm32f1xx_hal_cortex.c.obj
 .debug_frame   0x00001bac     0x11bc CMakeFiles/shell.dir/Drivers/STM32F1xx_HAL_Driver/Src/stm32f1xx_hal_tim.c.obj
 .debug_frame   0x00002d68      0x638 CMakeFiles/shell.dir/Drivers/STM32F1xx_HAL_Driver/Src/stm32f1xx_hal_tim_ex.c.obj
 .debug_frame   0x000033a0      0x944 CMakeFiles/shell.dir/Drivers/STM32F1xx_HAL_Driver/Src/stm32f1xx_hal_uart.c.obj
 .debug_frame   0x00003ce4       0x58 CMakeFiles/shell.dir/Core/Src/system_stm32f1xx.c.obj
 .debug_frame   0x00003d3c       0xd8 CMakeFiles/shell.dir/Middlewares/Third_Party/FreeRTOS/Source/list.c.obj
 .debug_frame   0x00003e14      0x5ec CMakeFiles/shell.dir/Middlewares/Third_Party/FreeRTOS/Source/queue.c.obj
 .debug_frame   0x00004400      0x8a8 CMakeFiles/shell.dir/Middlewares/Third_Party/FreeRTOS/Source/tasks.c.obj
 .debug_frame   0x00004ca8      0x3b4 CMakeFiles/shell.dir/Middlewares/Third_Party/FreeRTOS/Source/timers.c.obj
 .debug_frame   0x0000505c      0x980 CMakeFiles/shell.dir/Middlewares/Third_Party/FreeRTOS/Source/CMSIS_RTOS_V2/cmsis_os2.c.obj
 .debug_frame   0x000059dc      0x108 CMakeFiles/shell.dir/Middlewares/Third_Party/FreeRTOS/Source/portable/MemMang/heap_4.c.obj
 .debug_frame   0x00005ae4      0x198 CMakeFiles/shell.dir/Middlewares/Third_Party/FreeRTOS/Source/portable/GCC/ARM_CM3/port.c.obj
 .debug_frame   0x00005c7c       0x4c C:/Users/zjh/scoop/apps/gcc-arm-none-eabi/current/bin/../lib/gcc/arm-none-eabi/13.3.1/thumb/v7-m/nofp\libgcc.a(_arm_addsubsf3.o)
 .debug_frame   0x00005cc8       0x38 C:/Users/zjh/scoop/apps/gcc-arm-none-eabi/current/bin/../lib/gcc/arm-none-eabi/13.3.1/thumb/v7-m/nofp\libgcc.a(_arm_muldivsf3.o)
 .debug_frame   0x00005d00       0x28 C:/Users/zjh/scoop/apps/gcc-arm-none-eabi/current/bin/../lib/gcc/arm-none-eabi/13.3.1/thumb/v7-m/nofp\libg_nano.a(libc_a-strncmp.o)
 .debug_frame   0x00005d28       0x20 C:/Users/zjh/scoop/apps/gcc-arm-none-eabi/current/bin/../lib/gcc/arm-none-eabi/13.3.1/thumb/v7-m/nofp\libg_nano.a(libc_a-strcmp.o)
 .debug_frame   0x00005d48       0x28 C:/Users/zjh/scoop/apps/gcc-arm-none-eabi/current/bin/../lib/gcc/arm-none-eabi/13.3.1/thumb/v7-m/nofp\libg_nano.a(libc_a-memcpy-stub.o)

.debug_info     0x00000000    0x19898
 .debug_info    0x00000000     0x1c1c CMakeFiles/shell.dir/Core/lettershell/src/shell.c.obj
 .debug_info    0x00001c1c      0x841 CMakeFiles/shell.dir/Core/lettershell/src/shell_ext.c.obj
 .debug_info    0x0000245d      0xc50 CMakeFiles/shell.dir/Core/lettershell/src/shell_port.c.obj
 .debug_info    0x000030ad     0x12bc CMakeFiles/shell.dir/Core/Src/main.c.obj
 .debug_info    0x00004369      0x169 CMakeFiles/shell.dir/Core/Src/gpio.c.obj
 .debug_info    0x000044d2      0x864 CMakeFiles/shell.dir/Core/Src/freertos.c.obj
 .debug_info    0x00004d36      0x9e8 CMakeFiles/shell.dir/Core/Src/usart.c.obj
 .debug_info    0x0000571e      0x913 CMakeFiles/shell.dir/Core/Src/stm32f1xx_it.c.obj
 .debug_info    0x00006031      0x3c7 CMakeFiles/shell.dir/Core/Src/stm32f1xx_hal_msp.c.obj
 .debug_info    0x000063f8      0xa0e CMakeFiles/shell.dir/Core/Src/stm32f1xx_hal_timebase_tim.c.obj
 .debug_info    0x00006e06      0x76a CMakeFiles/shell.dir/Drivers/STM32F1xx_HAL_Driver/Src/stm32f1xx_hal.c.obj
 .debug_info    0x00007570      0x7d5 CMakeFiles/shell.dir/Drivers/STM32F1xx_HAL_Driver/Src/stm32f1xx_hal_rcc.c.obj
 .debug_info    0x00007d45      0x5ab CMakeFiles/shell.dir/Drivers/STM32F1xx_HAL_Driver/Src/stm32f1xx_hal_gpio.c.obj
 .debug_info    0x000082f0      0x6d2 CMakeFiles/shell.dir/Drivers/STM32F1xx_HAL_Driver/Src/stm32f1xx_hal_dma.c.obj
 .debug_info    0x000089c2      0xaed CMakeFiles/shell.dir/Drivers/STM32F1xx_HAL_Driver/Src/stm32f1xx_hal_cortex.c.obj
 .debug_info    0x000094af     0x293b CMakeFiles/shell.dir/Drivers/STM32F1xx_HAL_Driver/Src/stm32f1xx_hal_tim.c.obj
 .debug_info    0x0000bdea     0x149b CMakeFiles/shell.dir/Drivers/STM32F1xx_HAL_Driver/Src/stm32f1xx_hal_tim_ex.c.obj
 .debug_info    0x0000d285     0x2fa8 CMakeFiles/shell.dir/Drivers/STM32F1xx_HAL_Driver/Src/stm32f1xx_hal_uart.c.obj
 .debug_info    0x0001022d      0x222 CMakeFiles/shell.dir/Core/Src/system_stm32f1xx.c.obj
 .debug_info    0x0001044f      0x2aa CMakeFiles/shell.dir/Middlewares/Third_Party/FreeRTOS/Source/list.c.obj
 .debug_info    0x000106f9     0x1abf CMakeFiles/shell.dir/Middlewares/Third_Party/FreeRTOS/Source/queue.c.obj
 .debug_info    0x000121b8     0x20e5 CMakeFiles/shell.dir/Middlewares/Third_Party/FreeRTOS/Source/tasks.c.obj
 .debug_info    0x0001429d     0x13b5 CMakeFiles/shell.dir/Middlewares/Third_Party/FreeRTOS/Source/timers.c.obj
 .debug_info    0x00015652     0x39bf CMakeFiles/shell.dir/Middlewares/Third_Party/FreeRTOS/Source/CMSIS_RTOS_V2/cmsis_os2.c.obj
 .debug_info    0x00019011      0x3c3 CMakeFiles/shell.dir/Middlewares/Third_Party/FreeRTOS/Source/portable/MemMang/heap_4.c.obj
 .debug_info    0x000193d4      0x494 CMakeFiles/shell.dir/Middlewares/Third_Party/FreeRTOS/Source/portable/GCC/ARM_CM3/port.c.obj
 .debug_info    0x00019868       0x30 CMakeFiles/shell.dir/startup_stm32f103xe.s.obj

.debug_abbrev   0x00000000     0x3e25
 .debug_abbrev  0x00000000      0x3af CMakeFiles/shell.dir/Core/lettershell/src/shell.c.obj
 .debug_abbrev  0x000003af      0x269 CMakeFiles/shell.dir/Core/lettershell/src/shell_ext.c.obj
 .debug_abbrev  0x00000618      0x286 CMakeFiles/shell.dir/Core/lettershell/src/shell_port.c.obj
 .debug_abbrev  0x0000089e      0x30c CMakeFiles/shell.dir/Core/Src/main.c.obj
 .debug_abbrev  0x00000baa       0xc6 CMakeFiles/shell.dir/Core/Src/gpio.c.obj
 .debug_abbrev  0x00000c70      0x21e CMakeFiles/shell.dir/Core/Src/freertos.c.obj
 .debug_abbrev  0x00000e8e      0x20b CMakeFiles/shell.dir/Core/Src/usart.c.obj
 .debug_abbrev  0x00001099      0x188 CMakeFiles/shell.dir/Core/Src/stm32f1xx_it.c.obj
 .debug_abbrev  0x00001221      0x11c CMakeFiles/shell.dir/Core/Src/stm32f1xx_hal_msp.c.obj
 .debug_abbrev  0x0000133d      0x1f3 CMakeFiles/shell.dir/Core/Src/stm32f1xx_hal_timebase_tim.c.obj
 .debug_abbrev  0x00001530      0x201 CMakeFiles/shell.dir/Drivers/STM32F1xx_HAL_Driver/Src/stm32f1xx_hal.c.obj
 .debug_abbrev  0x00001731      0x2b3 CMakeFiles/shell.dir/Drivers/STM32F1xx_HAL_Driver/Src/stm32f1xx_hal_rcc.c.obj
 .debug_abbrev  0x000019e4      0x1ca CMakeFiles/shell.dir/Drivers/STM32F1xx_HAL_Driver/Src/stm32f1xx_hal_gpio.c.obj
 .debug_abbrev  0x00001bae      0x20b CMakeFiles/shell.dir/Drivers/STM32F1xx_HAL_Driver/Src/stm32f1xx_hal_dma.c.obj
 .debug_abbrev  0x00001db9      0x2f8 CMakeFiles/shell.dir/Drivers/STM32F1xx_HAL_Driver/Src/stm32f1xx_hal_cortex.c.obj
 .debug_abbrev  0x000020b1      0x277 CMakeFiles/shell.dir/Drivers/STM32F1xx_HAL_Driver/Src/stm32f1xx_hal_tim.c.obj
 .debug_abbrev  0x00002328      0x282 CMakeFiles/shell.dir/Drivers/STM32F1xx_HAL_Driver/Src/stm32f1xx_hal_tim_ex.c.obj
 .debug_abbrev  0x000025aa      0x2f8 CMakeFiles/shell.dir/Drivers/STM32F1xx_HAL_Driver/Src/stm32f1xx_hal_uart.c.obj
 .debug_abbrev  0x000028a2      0x13f CMakeFiles/shell.dir/Core/Src/system_stm32f1xx.c.obj
 .debug_abbrev  0x000029e1       0xf5 CMakeFiles/shell.dir/Middlewares/Third_Party/FreeRTOS/Source/list.c.obj
 .debug_abbrev  0x00002ad6      0x3ce CMakeFiles/shell.dir/Middlewares/Third_Party/FreeRTOS/Source/queue.c.obj
 .debug_abbrev  0x00002ea4      0x385 CMakeFiles/shell.dir/Middlewares/Third_Party/FreeRTOS/Source/tasks.c.obj
 .debug_abbrev  0x00003229      0x348 CMakeFiles/shell.dir/Middlewares/Third_Party/FreeRTOS/Source/timers.c.obj
 .debug_abbrev  0x00003571      0x433 CMakeFiles/shell.dir/Middlewares/Third_Party/FreeRTOS/Source/CMSIS_RTOS_V2/cmsis_os2.c.obj
 .debug_abbrev  0x000039a4      0x205 CMakeFiles/shell.dir/Middlewares/Third_Party/FreeRTOS/Source/portable/MemMang/heap_4.c.obj
 .debug_abbrev  0x00003ba9      0x258 CMakeFiles/shell.dir/Middlewares/Third_Party/FreeRTOS/Source/portable/GCC/ARM_CM3/port.c.obj
 .debug_abbrev  0x00003e01       0x24 CMakeFiles/shell.dir/startup_stm32f103xe.s.obj

.debug_aranges  0x00000000     0x1648
 .debug_aranges
                0x00000000      0x200 CMakeFiles/shell.dir/Core/lettershell/src/shell.c.obj
 .debug_aranges
                0x00000200       0x58 CMakeFiles/shell.dir/Core/lettershell/src/shell_ext.c.obj
 .debug_aranges
                0x00000258       0x40 CMakeFiles/shell.dir/Core/lettershell/src/shell_port.c.obj
 .debug_aranges
                0x00000298       0x48 CMakeFiles/shell.dir/Core/Src/main.c.obj
 .debug_aranges
                0x000002e0       0x20 CMakeFiles/shell.dir/Core/Src/gpio.c.obj
 .debug_aranges
                0x00000300       0x30 CMakeFiles/shell.dir/Core/Src/freertos.c.obj
 .debug_aranges
                0x00000330       0x38 CMakeFiles/shell.dir/Core/Src/usart.c.obj
 .debug_aranges
                0x00000368       0x58 CMakeFiles/shell.dir/Core/Src/stm32f1xx_it.c.obj
 .debug_aranges
                0x000003c0       0x20 CMakeFiles/shell.dir/Core/Src/stm32f1xx_hal_msp.c.obj
 .debug_aranges
                0x000003e0       0x30 CMakeFiles/shell.dir/Core/Src/stm32f1xx_hal_timebase_tim.c.obj
 .debug_aranges
                0x00000410       0xe0 CMakeFiles/shell.dir/Drivers/STM32F1xx_HAL_Driver/Src/stm32f1xx_hal.c.obj
 .debug_aranges
                0x000004f0       0x90 CMakeFiles/shell.dir/Drivers/STM32F1xx_HAL_Driver/Src/stm32f1xx_hal_rcc.c.obj
 .debug_aranges
                0x00000580       0x58 CMakeFiles/shell.dir/Drivers/STM32F1xx_HAL_Driver/Src/stm32f1xx_hal_gpio.c.obj
 .debug_aranges
                0x000005d8       0x80 CMakeFiles/shell.dir/Drivers/STM32F1xx_HAL_Driver/Src/stm32f1xx_hal_dma.c.obj
 .debug_aranges
                0x00000658      0x100 CMakeFiles/shell.dir/Drivers/STM32F1xx_HAL_Driver/Src/stm32f1xx_hal_cortex.c.obj
 .debug_aranges
                0x00000758      0x3d0 CMakeFiles/shell.dir/Drivers/STM32F1xx_HAL_Driver/Src/stm32f1xx_hal_tim.c.obj
 .debug_aranges
                0x00000b28      0x168 CMakeFiles/shell.dir/Drivers/STM32F1xx_HAL_Driver/Src/stm32f1xx_hal_tim_ex.c.obj
 .debug_aranges
                0x00000c90      0x208 CMakeFiles/shell.dir/Drivers/STM32F1xx_HAL_Driver/Src/stm32f1xx_hal_uart.c.obj
 .debug_aranges
                0x00000e98       0x28 CMakeFiles/shell.dir/Core/Src/system_stm32f1xx.c.obj
 .debug_aranges
                0x00000ec0       0x40 CMakeFiles/shell.dir/Middlewares/Third_Party/FreeRTOS/Source/list.c.obj
 .debug_aranges
                0x00000f00      0x158 CMakeFiles/shell.dir/Middlewares/Third_Party/FreeRTOS/Source/queue.c.obj
 .debug_aranges
                0x00001058      0x1f8 CMakeFiles/shell.dir/Middlewares/Third_Party/FreeRTOS/Source/tasks.c.obj
 .debug_aranges
                0x00001250       0xe0 CMakeFiles/shell.dir/Middlewares/Third_Party/FreeRTOS/Source/timers.c.obj
 .debug_aranges
                0x00001330      0x228 CMakeFiles/shell.dir/Middlewares/Third_Party/FreeRTOS/Source/CMSIS_RTOS_V2/cmsis_os2.c.obj
 .debug_aranges
                0x00001558       0x50 CMakeFiles/shell.dir/Middlewares/Third_Party/FreeRTOS/Source/portable/MemMang/heap_4.c.obj
 .debug_aranges
                0x000015a8       0x78 CMakeFiles/shell.dir/Middlewares/Third_Party/FreeRTOS/Source/portable/GCC/ARM_CM3/port.c.obj
 .debug_aranges
                0x00001620       0x28 CMakeFiles/shell.dir/startup_stm32f103xe.s.obj

.debug_rnglists
                0x00000000     0x116e
 .debug_rnglists
                0x00000000      0x1b3 CMakeFiles/shell.dir/Core/lettershell/src/shell.c.obj
 .debug_rnglists
                0x000001b3       0x43 CMakeFiles/shell.dir/Core/lettershell/src/shell_ext.c.obj
 .debug_rnglists